
bsub -q long -W 7000 -oo outb0000J.lst -N ./b0000J.lst 
bsub -q long -W 7000 -oo outb0001J.lst -N ./b0001J.lst 
bsub -q long -W 7000 -oo outb0002J.lst -N ./b0002J.lst 
bsub -q long -W 7000 -oo outb0003J.lst -N ./b0003J.lst
bsub -q long -W 7000 -oo outb0010J.lst -N ./b0010J.lst 
bsub -q long -W 7000 -oo outb0011J.lst -N ./b0011J.lst 
bsub -q long -W 7000 -oo outb0012J.lst -N ./b0012J.lst 
bsub -q long -W 7000 -oo outb0013J.lst -N ./b0013J.lst
bsub -q long -W 7000 -oo outb0020J.lst -N ./b0020J.lst 
bsub -q long -W 7000 -oo outb0021J.lst -N ./b0021J.lst 
bsub -q long -W 7000 -oo outb0022J.lst -N ./b0022J.lst 
bsub -q long -W 7000 -oo outb0023J.lst -N ./b0023J.lst
bsub -q long -W 7000 -oo outb0030J.lst -N ./b0030J.lst 
bsub -q long -W 7000 -oo outb0031J.lst -N ./b0031J.lst 
bsub -q long -W 7000 -oo outb0032J.lst -N ./b0032J.lst 
bsub -q long -W 7000 -oo outb0033J.lst -N ./b0033J.lst

bsub -q long -W 7000 -oo outb0100J.lst -N ./b0100J.lst 
bsub -q long -W 7000 -oo outb0101J.lst -N ./b0101J.lst 
bsub -q long -W 7000 -oo outb0102J.lst -N ./b0102J.lst 
bsub -q long -W 7000 -oo outb0103J.lst -N ./b0103J.lst
bsub -q long -W 7000 -oo outb0110J.lst -N ./b0110J.lst 
bsub -q long -W 7000 -oo outb0111J.lst -N ./b0111J.lst 
bsub -q long -W 7000 -oo outb0112J.lst -N ./b0112J.lst 
bsub -q long -W 7000 -oo outb0113J.lst -N ./b0113J.lst
bsub -q long -W 7000 -oo outb0120J.lst -N ./b0120J.lst 
bsub -q long -W 7000 -oo outb0121J.lst -N ./b0121J.lst 
bsub -q long -W 7000 -oo outb0122J.lst -N ./b0122J.lst 
bsub -q long -W 7000 -oo outb0123J.lst -N ./b0123J.lst
bsub -q long -W 7000 -oo outb0130J.lst -N ./b0130J.lst 
bsub -q long -W 7000 -oo outb0131J.lst -N ./b0131J.lst 
bsub -q long -W 7000 -oo outb0132J.lst -N ./b0132J.lst 
bsub -q long -W 7000 -oo outb0133J.lst -N ./b0133J.lst

bsub -q long -W 7000 -oo outb0200J.lst -N ./b0200J.lst 
bsub -q long -W 7000 -oo outb0201J.lst -N ./b0201J.lst 
bsub -q long -W 7000 -oo outb0202J.lst -N ./b0202J.lst 
bsub -q long -W 7000 -oo outb0203J.lst -N ./b0203J.lst
bsub -q long -W 7000 -oo outb0210J.lst -N ./b0210J.lst 
bsub -q long -W 7000 -oo outb0211J.lst -N ./b0211J.lst 
bsub -q long -W 7000 -oo outb0212J.lst -N ./b0212J.lst 
bsub -q long -W 7000 -oo outb0213J.lst -N ./b0213J.lst
bsub -q long -W 7000 -oo outb0220J.lst -N ./b0220J.lst 
bsub -q long -W 7000 -oo outb0221J.lst -N ./b0221J.lst 
bsub -q long -W 7000 -oo outb0222J.lst -N ./b0222J.lst 
bsub -q long -W 7000 -oo outb0223J.lst -N ./b0223J.lst
bsub -q long -W 7000 -oo outb0230J.lst -N ./b0230J.lst 
bsub -q long -W 7000 -oo outb0231J.lst -N ./b0231J.lst 
bsub -q long -W 7000 -oo outb0232J.lst -N ./b0232J.lst 
bsub -q long -W 7000 -oo outb0233J.lst -N ./b0233J.lst

bsub -q long -W 7000 -oo outb0300J.lst -N ./b0300J.lst 
bsub -q long -W 7000 -oo outb0301J.lst -N ./b0301J.lst 
bsub -q long -W 7000 -oo outb0302J.lst -N ./b0302J.lst 
bsub -q long -W 7000 -oo outb0303J.lst -N ./b0303J.lst
bsub -q long -W 7000 -oo outb0310J.lst -N ./b0310J.lst 
bsub -q long -W 7000 -oo outb0311J.lst -N ./b0311J.lst 
bsub -q long -W 7000 -oo outb0312J.lst -N ./b0312J.lst 
bsub -q long -W 7000 -oo outb0313J.lst -N ./b0313J.lst
bsub -q long -W 7000 -oo outb0320J.lst -N ./b0320J.lst 
bsub -q long -W 7000 -oo outb0321J.lst -N ./b0321J.lst 
bsub -q long -W 7000 -oo outb0322J.lst -N ./b0322J.lst 
bsub -q long -W 7000 -oo outb0323J.lst -N ./b0323J.lst
bsub -q long -W 7000 -oo outb0330J.lst -N ./b0330J.lst 
bsub -q long -W 7000 -oo outb0331J.lst -N ./b0331J.lst 
bsub -q long -W 7000 -oo outb0332J.lst -N ./b0332J.lst 
bsub -q long -W 7000 -oo outb0333J.lst -N ./b0333J.lst

bsub -q long -W 7000 -oo outb0400J.lst -N ./b0400J.lst 
bsub -q long -W 7000 -oo outb0401J.lst -N ./b0401J.lst 
bsub -q long -W 7000 -oo outb0402J.lst -N ./b0402J.lst 
bsub -q long -W 7000 -oo outb0403J.lst -N ./b0403J.lst
bsub -q long -W 7000 -oo outb0410J.lst -N ./b0410J.lst 
bsub -q long -W 7000 -oo outb0411J.lst -N ./b0411J.lst 
bsub -q long -W 7000 -oo outb0412J.lst -N ./b0412J.lst 
bsub -q long -W 7000 -oo outb0413J.lst -N ./b0413J.lst
bsub -q long -W 7000 -oo outb0420J.lst -N ./b0420J.lst 
bsub -q long -W 7000 -oo outb0421J.lst -N ./b0421J.lst 
bsub -q long -W 7000 -oo outb0422J.lst -N ./b0422J.lst 
bsub -q long -W 7000 -oo outb0423J.lst -N ./b0423J.lst
bsub -q long -W 7000 -oo outb0430J.lst -N ./b0430J.lst 
bsub -q long -W 7000 -oo outb0431J.lst -N ./b0431J.lst 
bsub -q long -W 7000 -oo outb0432J.lst -N ./b0432J.lst 
bsub -q long -W 7000 -oo outb0433J.lst -N ./b0433J.lst

bsub -q long -W 7000 -oo outb0500J.lst -N ./b0500J.lst 
bsub -q long -W 7000 -oo outb0501J.lst -N ./b0501J.lst 
bsub -q long -W 7000 -oo outb0502J.lst -N ./b0502J.lst 
bsub -q long -W 7000 -oo outb0503J.lst -N ./b0503J.lst
bsub -q long -W 7000 -oo outb0510J.lst -N ./b0510J.lst 
bsub -q long -W 7000 -oo outb0511J.lst -N ./b0511J.lst 
bsub -q long -W 7000 -oo outb0512J.lst -N ./b0512J.lst 
bsub -q long -W 7000 -oo outb0513J.lst -N ./b0513J.lst
bsub -q long -W 7000 -oo outb0520J.lst -N ./b0520J.lst 
bsub -q long -W 7000 -oo outb0521J.lst -N ./b0521J.lst 
bsub -q long -W 7000 -oo outb0522J.lst -N ./b0522J.lst 
bsub -q long -W 7000 -oo outb0523J.lst -N ./b0523J.lst
bsub -q long -W 7000 -oo outb0530J.lst -N ./b0530J.lst 
bsub -q long -W 7000 -oo outb0531J.lst -N ./b0531J.lst 
bsub -q long -W 7000 -oo outb0532J.lst -N ./b0532J.lst 
bsub -q long -W 7000 -oo outb0533J.lst -N ./b0533J.lst

bsub -q long -W 7000 -oo outb0600J.lst -N ./b0600J.lst 
bsub -q long -W 7000 -oo outb0601J.lst -N ./b0601J.lst 
bsub -q long -W 7000 -oo outb0602J.lst -N ./b0602J.lst 
bsub -q long -W 7000 -oo outb0603J.lst -N ./b0603J.lst
bsub -q long -W 7000 -oo outb0610J.lst -N ./b0610J.lst 
bsub -q long -W 7000 -oo outb0611J.lst -N ./b0611J.lst 
bsub -q long -W 7000 -oo outb0612J.lst -N ./b0612J.lst 
bsub -q long -W 7000 -oo outb0613J.lst -N ./b0613J.lst
bsub -q long -W 7000 -oo outb0620J.lst -N ./b0620J.lst 
bsub -q long -W 7000 -oo outb0621J.lst -N ./b0621J.lst 
bsub -q long -W 7000 -oo outb0622J.lst -N ./b0622J.lst 
bsub -q long -W 7000 -oo outb0623J.lst -N ./b0623J.lst
bsub -q long -W 7000 -oo outb0630J.lst -N ./b0630J.lst 
bsub -q long -W 7000 -oo outb0631J.lst -N ./b0631J.lst 
bsub -q long -W 7000 -oo outb0632J.lst -N ./b0632J.lst 
bsub -q long -W 7000 -oo outb0633J.lst -N ./b0633J.lst

bsub -q long -W 7000 -oo outb0700J.lst -N ./b0700J.lst 
bsub -q long -W 7000 -oo outb0701J.lst -N ./b0701J.lst 
bsub -q long -W 7000 -oo outb0702J.lst -N ./b0702J.lst 
bsub -q long -W 7000 -oo outb0703J.lst -N ./b0703J.lst
bsub -q long -W 7000 -oo outb0710J.lst -N ./b0710J.lst 
bsub -q long -W 7000 -oo outb0711J.lst -N ./b0711J.lst 
bsub -q long -W 7000 -oo outb0712J.lst -N ./b0712J.lst 
bsub -q long -W 7000 -oo outb0713J.lst -N ./b0713J.lst
bsub -q long -W 7000 -oo outb0720J.lst -N ./b0720J.lst 
bsub -q long -W 7000 -oo outb0721J.lst -N ./b0721J.lst 
bsub -q long -W 7000 -oo outb0722J.lst -N ./b0722J.lst 
bsub -q long -W 7000 -oo outb0723J.lst -N ./b0723J.lst
bsub -q long -W 7000 -oo outb0730J.lst -N ./b0730J.lst 
bsub -q long -W 7000 -oo outb0731J.lst -N ./b0731J.lst 
bsub -q long -W 7000 -oo outb0732J.lst -N ./b0732J.lst 
bsub -q long -W 7000 -oo outb0733J.lst -N ./b0733J.lst



bsub -q long -W 7000 -oo outb1000J.lst -N ./b1000J.lst 
bsub -q long -W 7000 -oo outb1001J.lst -N ./b1001J.lst 
bsub -q long -W 7000 -oo outb1002J.lst -N ./b1002J.lst 
bsub -q long -W 7000 -oo outb1003J.lst -N ./b1003J.lst
bsub -q long -W 7000 -oo outb1010J.lst -N ./b1010J.lst 
bsub -q long -W 7000 -oo outb1011J.lst -N ./b1011J.lst 
bsub -q long -W 7000 -oo outb1012J.lst -N ./b1012J.lst 
bsub -q long -W 7000 -oo outb1013J.lst -N ./b1013J.lst
bsub -q long -W 7000 -oo outb1020J.lst -N ./b1020J.lst 
bsub -q long -W 7000 -oo outb1021J.lst -N ./b1021J.lst 
bsub -q long -W 7000 -oo outb1022J.lst -N ./b1022J.lst 
bsub -q long -W 7000 -oo outb1023J.lst -N ./b1023J.lst
bsub -q long -W 7000 -oo outb1030J.lst -N ./b1030J.lst 
bsub -q long -W 7000 -oo outb1031J.lst -N ./b1031J.lst 
bsub -q long -W 7000 -oo outb1032J.lst -N ./b1032J.lst 
bsub -q long -W 7000 -oo outb1033J.lst -N ./b1033J.lst

bsub -q long -W 7000 -oo outb1100J.lst -N ./b1100J.lst 
bsub -q long -W 7000 -oo outb1101J.lst -N ./b1101J.lst 
bsub -q long -W 7000 -oo outb1102J.lst -N ./b1102J.lst 
bsub -q long -W 7000 -oo outb1103J.lst -N ./b1103J.lst
bsub -q long -W 7000 -oo outb1110J.lst -N ./b1110J.lst 
bsub -q long -W 7000 -oo outb1111J.lst -N ./b1111J.lst 
bsub -q long -W 7000 -oo outb1112J.lst -N ./b1112J.lst 
bsub -q long -W 7000 -oo outb1113J.lst -N ./b1113J.lst
bsub -q long -W 7000 -oo outb1120J.lst -N ./b1120J.lst 
bsub -q long -W 7000 -oo outb1121J.lst -N ./b1121J.lst 
bsub -q long -W 7000 -oo outb1122J.lst -N ./b1122J.lst 
bsub -q long -W 7000 -oo outb1123J.lst -N ./b1123J.lst
bsub -q long -W 7000 -oo outb1130J.lst -N ./b1130J.lst 
bsub -q long -W 7000 -oo outb1131J.lst -N ./b1131J.lst 
bsub -q long -W 7000 -oo outb1132J.lst -N ./b1132J.lst 
bsub -q long -W 7000 -oo outb1133J.lst -N ./b1133J.lst

bsub -q long -W 7000 -oo outb1200J.lst -N ./b1200J.lst 
bsub -q long -W 7000 -oo outb1201J.lst -N ./b1201J.lst 
bsub -q long -W 7000 -oo outb1202J.lst -N ./b1202J.lst 
bsub -q long -W 7000 -oo outb1203J.lst -N ./b1203J.lst
bsub -q long -W 7000 -oo outb1210J.lst -N ./b1210J.lst 
bsub -q long -W 7000 -oo outb1211J.lst -N ./b1211J.lst 
bsub -q long -W 7000 -oo outb1212J.lst -N ./b1212J.lst 
bsub -q long -W 7000 -oo outb1213J.lst -N ./b1213J.lst
bsub -q long -W 7000 -oo outb1220J.lst -N ./b1220J.lst 
bsub -q long -W 7000 -oo outb1221J.lst -N ./b1221J.lst 
bsub -q long -W 7000 -oo outb1222J.lst -N ./b1222J.lst 
bsub -q long -W 7000 -oo outb1223J.lst -N ./b1223J.lst
bsub -q long -W 7000 -oo outb1230J.lst -N ./b1230J.lst 
bsub -q long -W 7000 -oo outb1231J.lst -N ./b1231J.lst 
bsub -q long -W 7000 -oo outb1232J.lst -N ./b1232J.lst 
bsub -q long -W 7000 -oo outb1233J.lst -N ./b1233J.lst

bsub -q long -W 7000 -oo outb1300J.lst -N ./b1300J.lst 
bsub -q long -W 7000 -oo outb1301J.lst -N ./b1301J.lst 
bsub -q long -W 7000 -oo outb1302J.lst -N ./b1302J.lst 
bsub -q long -W 7000 -oo outb1303J.lst -N ./b1303J.lst
bsub -q long -W 7000 -oo outb1310J.lst -N ./b1310J.lst 
bsub -q long -W 7000 -oo outb1311J.lst -N ./b1311J.lst 
bsub -q long -W 7000 -oo outb1312J.lst -N ./b1312J.lst 
bsub -q long -W 7000 -oo outb1313J.lst -N ./b1313J.lst
bsub -q long -W 7000 -oo outb1320J.lst -N ./b1320J.lst 
bsub -q long -W 7000 -oo outb1321J.lst -N ./b1321J.lst 
bsub -q long -W 7000 -oo outb1322J.lst -N ./b1322J.lst 
bsub -q long -W 7000 -oo outb1323J.lst -N ./b1323J.lst
bsub -q long -W 7000 -oo outb1330J.lst -N ./b1330J.lst 
bsub -q long -W 7000 -oo outb1331J.lst -N ./b1331J.lst 
bsub -q long -W 7000 -oo outb1332J.lst -N ./b1332J.lst 
bsub -q long -W 7000 -oo outb1333J.lst -N ./b1333J.lst

bsub -q long -W 7000 -oo outb1400J.lst -N ./b1400J.lst 
bsub -q long -W 7000 -oo outb1401J.lst -N ./b1401J.lst 
bsub -q long -W 7000 -oo outb1402J.lst -N ./b1402J.lst 
bsub -q long -W 7000 -oo outb1403J.lst -N ./b1403J.lst
bsub -q long -W 7000 -oo outb1410J.lst -N ./b1410J.lst 
bsub -q long -W 7000 -oo outb1411J.lst -N ./b1411J.lst 
bsub -q long -W 7000 -oo outb1412J.lst -N ./b1412J.lst 
bsub -q long -W 7000 -oo outb1413J.lst -N ./b1413J.lst
bsub -q long -W 7000 -oo outb1420J.lst -N ./b1420J.lst 
bsub -q long -W 7000 -oo outb1421J.lst -N ./b1421J.lst 
bsub -q long -W 7000 -oo outb1422J.lst -N ./b1422J.lst 
bsub -q long -W 7000 -oo outb1423J.lst -N ./b1423J.lst
bsub -q long -W 7000 -oo outb1430J.lst -N ./b1430J.lst 
bsub -q long -W 7000 -oo outb1431J.lst -N ./b1431J.lst 
bsub -q long -W 7000 -oo outb1432J.lst -N ./b1432J.lst 
bsub -q long -W 7000 -oo outb1433J.lst -N ./b1433J.lst

bsub -q long -W 7000 -oo outb1500J.lst -N ./b1500J.lst 
bsub -q long -W 7000 -oo outb1501J.lst -N ./b1501J.lst 
bsub -q long -W 7000 -oo outb1502J.lst -N ./b1502J.lst 
bsub -q long -W 7000 -oo outb1503J.lst -N ./b1503J.lst
bsub -q long -W 7000 -oo outb1510J.lst -N ./b1510J.lst 
bsub -q long -W 7000 -oo outb1511J.lst -N ./b1511J.lst 
bsub -q long -W 7000 -oo outb1512J.lst -N ./b1512J.lst 
bsub -q long -W 7000 -oo outb1513J.lst -N ./b1513J.lst
bsub -q long -W 7000 -oo outb1520J.lst -N ./b1520J.lst 
bsub -q long -W 7000 -oo outb1521J.lst -N ./b1521J.lst 
bsub -q long -W 7000 -oo outb1522J.lst -N ./b1522J.lst 
bsub -q long -W 7000 -oo outb1523J.lst -N ./b1523J.lst
bsub -q long -W 7000 -oo outb1530J.lst -N ./b1530J.lst 
bsub -q long -W 7000 -oo outb1531J.lst -N ./b1531J.lst 
bsub -q long -W 7000 -oo outb1532J.lst -N ./b1532J.lst 
bsub -q long -W 7000 -oo outb1533J.lst -N ./b1533J.lst

bsub -q long -W 7000 -oo outb1600J.lst -N ./b1600J.lst 
bsub -q long -W 7000 -oo outb1601J.lst -N ./b1601J.lst 
bsub -q long -W 7000 -oo outb1602J.lst -N ./b1602J.lst 
bsub -q long -W 7000 -oo outb1603J.lst -N ./b1603J.lst
bsub -q long -W 7000 -oo outb1610J.lst -N ./b1610J.lst 
bsub -q long -W 7000 -oo outb1611J.lst -N ./b1611J.lst 
bsub -q long -W 7000 -oo outb1612J.lst -N ./b1612J.lst 
bsub -q long -W 7000 -oo outb1613J.lst -N ./b1613J.lst
bsub -q long -W 7000 -oo outb1620J.lst -N ./b1620J.lst 
bsub -q long -W 7000 -oo outb1621J.lst -N ./b1621J.lst 
bsub -q long -W 7000 -oo outb1622J.lst -N ./b1622J.lst 
bsub -q long -W 7000 -oo outb1623J.lst -N ./b1623J.lst
bsub -q long -W 7000 -oo outb1630J.lst -N ./b1630J.lst 
bsub -q long -W 7000 -oo outb1631J.lst -N ./b1631J.lst 
bsub -q long -W 7000 -oo outb1632J.lst -N ./b1632J.lst 
bsub -q long -W 7000 -oo outb1633J.lst -N ./b1633J.lst

bsub -q long -W 7000 -oo outb1700J.lst -N ./b1700J.lst 
bsub -q long -W 7000 -oo outb1701J.lst -N ./b1701J.lst 
bsub -q long -W 7000 -oo outb1702J.lst -N ./b1702J.lst 
bsub -q long -W 7000 -oo outb1703J.lst -N ./b1703J.lst
bsub -q long -W 7000 -oo outb1710J.lst -N ./b1710J.lst 
bsub -q long -W 7000 -oo outb1711J.lst -N ./b1711J.lst 
bsub -q long -W 7000 -oo outb1712J.lst -N ./b1712J.lst 
bsub -q long -W 7000 -oo outb1713J.lst -N ./b1713J.lst
bsub -q long -W 7000 -oo outb1720J.lst -N ./b1720J.lst 
bsub -q long -W 7000 -oo outb1721J.lst -N ./b1721J.lst 
bsub -q long -W 7000 -oo outb1722J.lst -N ./b1722J.lst 
bsub -q long -W 7000 -oo outb1723J.lst -N ./b1723J.lst
bsub -q long -W 7000 -oo outb1730J.lst -N ./b1730J.lst 
bsub -q long -W 7000 -oo outb1731J.lst -N ./b1731J.lst 
bsub -q long -W 7000 -oo outb1732J.lst -N ./b1732J.lst 
bsub -q long -W 7000 -oo outb1733J.lst -N ./b1733J.lst
