/Volumes/LaCieDavis/CFHTcatalogues/W4m0m1
/Volumes/LaCieDavis/CFHTcatalogues/W4m0m2
/Volumes/LaCieDavis/CFHTcatalogues/W4m0p1
/Volumes/LaCieDavis/CFHTcatalogues/W4m1m0
/Volumes/LaCieDavis/CFHTcatalogues/W4m1m1
/Volumes/LaCieDavis/CFHTcatalogues/W4m1m2
/Volumes/LaCieDavis/CFHTcatalogues/W4m1p1
/Volumes/LaCieDavis/CFHTcatalogues/W4m1p2
/Volumes/LaCieDavis/CFHTcatalogues/W4m1p3
/Volumes/LaCieDavis/CFHTcatalogues/W4m2m0
/Volumes/LaCieDavis/CFHTcatalogues/W4m2p1
/Volumes/LaCieDavis/CFHTcatalogues/W4m2p2
/Volumes/LaCieDavis/CFHTcatalogues/W4m2p3
/Volumes/LaCieDavis/CFHTcatalogues/W4m3m0
/Volumes/LaCieDavis/CFHTcatalogues/W4m3p1
/Volumes/LaCieDavis/CFHTcatalogues/W4m3p2
/Volumes/LaCieDavis/CFHTcatalogues/W4m3p3
/Volumes/LaCieDavis/CFHTcatalogues/W4p1m0
/Volumes/LaCieDavis/CFHTcatalogues/W4p1m1
/Volumes/LaCieDavis/CFHTcatalogues/W4p1m2
/Volumes/LaCieDavis/CFHTcatalogues/W4p1p1
/Volumes/LaCieDavis/CFHTcatalogues/W4p2m0
/Volumes/LaCieDavis/CFHTcatalogues/W4p2m1
/Volumes/LaCieDavis/CFHTcatalogues/W4p2m2
