/Volumes/LaCieDavis/CFHTLenSmasks/W3m1m1_izrgu_finalmask_mosaic.fits
/Volumes/LaCieDavis/CFHTLenSmasks/W3m1m2_izrgu_finalmask_mosaic.fits
/Volumes/LaCieDavis/CFHTLenSmasks/W3m1m3_izrgu_finalmask_mosaic.fits
/Volumes/LaCieDavis/CFHTLenSmasks/W3m1p1_izrgu_finalmask_mosaic.fits
/Volumes/LaCieDavis/CFHTLenSmasks/W3m1p2_izrgu_finalmask_mosaic.fits
/Volumes/LaCieDavis/CFHTLenSmasks/W3m1p3_izrgu_finalmask_mosaic.fits
/Volumes/LaCieDavis/CFHTLenSmasks/W3m2m0_izrgu_finalmask_mosaic.fits
/Volumes/LaCieDavis/CFHTLenSmasks/W3m2m1_yzrgu_finalmask_mosaic.fits
/Volumes/LaCieDavis/CFHTLenSmasks/W3m2m2_izrgu_finalmask_mosaic.fits
/Volumes/LaCieDavis/CFHTLenSmasks/W3m2m3_izrgu_finalmask_mosaic.fits
/Volumes/LaCieDavis/CFHTLenSmasks/W3m2p1_yzrgu_finalmask_mosaic.fits
/Volumes/LaCieDavis/CFHTLenSmasks/W3m2p2_izrgu_finalmask_mosaic.fits
/Volumes/LaCieDavis/CFHTLenSmasks/W3m2p3_izrgu_finalmask_mosaic.fits
/Volumes/LaCieDavis/CFHTLenSmasks/W3m3m0_izrgu_finalmask_mosaic.fits
/Volumes/LaCieDavis/CFHTLenSmasks/W3m3m1_izrgu_finalmask_mosaic.fits
/Volumes/LaCieDavis/CFHTLenSmasks/W3m3m2_izrgu_finalmask_mosaic.fits
/Volumes/LaCieDavis/CFHTLenSmasks/W3m3m3_izrgu_finalmask_mosaic.fits
/Volumes/LaCieDavis/CFHTLenSmasks/W3m3p1_izrgu_finalmask_mosaic.fits
/Volumes/LaCieDavis/CFHTLenSmasks/W3m3p2_izrgu_finalmask_mosaic.fits
/Volumes/LaCieDavis/CFHTLenSmasks/W3m3p3_izrgu_finalmask_mosaic.fits
/Volumes/LaCieDavis/CFHTLenSmasks/W3p1m0_izrgu_finalmask_mosaic.fits
