/Volumes/LaCieDavis/CFHTLenSmasks/W1p1m2_izrgu_finalmask_mosaic.fits
/Volumes/LaCieDavis/CFHTLenSmasks/W1p1m3_izrgu_finalmask_mosaic.fits
/Volumes/LaCieDavis/CFHTLenSmasks/W1p1m4_yzrgu_finalmask_mosaic.fits
/Volumes/LaCieDavis/CFHTLenSmasks/W1p1p1_yzrgu_finalmask_mosaic.fits
/Volumes/LaCieDavis/CFHTLenSmasks/W1p1p2_izrgu_finalmask_mosaic.fits
/Volumes/LaCieDavis/CFHTLenSmasks/W1p1p3_izrgu_finalmask_mosaic.fits
/Volumes/LaCieDavis/CFHTLenSmasks/W1p2m0_izrgu_finalmask_mosaic.fits
/Volumes/LaCieDavis/CFHTLenSmasks/W1p2m1_izrgu_finalmask_mosaic.fits
/Volumes/LaCieDavis/CFHTLenSmasks/W1p2m2_izrgu_finalmask_mosaic.fits
/Volumes/LaCieDavis/CFHTLenSmasks/W1p2m3_izrgu_finalmask_mosaic.fits
/Volumes/LaCieDavis/CFHTLenSmasks/W1p2m4_yzrgu_finalmask_mosaic.fits
/Volumes/LaCieDavis/CFHTLenSmasks/W1p2p1_izrgu_finalmask_mosaic.fits
/Volumes/LaCieDavis/CFHTLenSmasks/W1p2p2_izrgu_finalmask_mosaic.fits
/Volumes/LaCieDavis/CFHTLenSmasks/W1p3m0_izrgu_finalmask_mosaic.fits
/Volumes/LaCieDavis/CFHTLenSmasks/W1p3m1_izrgu_finalmask_mosaic.fits
/Volumes/LaCieDavis/CFHTLenSmasks/W1p3m2_izrgu_finalmask_mosaic.fits
/Volumes/LaCieDavis/CFHTLenSmasks/W1p3m3_izrgu_finalmask_mosaic.fits
/Volumes/LaCieDavis/CFHTLenSmasks/W1p3m4_yzrgu_finalmask_mosaic.fits
/Volumes/LaCieDavis/CFHTLenSmasks/W1p3p1_yzrgu_finalmask_mosaic.fits
/Volumes/LaCieDavis/CFHTLenSmasks/W1p3p2_izrgu_finalmask_mosaic.fits
