/Volumes/LaCieDavis/CFHTLenSmasks/W1m2p1_izrgu_finalmask_mosaic.fits
/Volumes/LaCieDavis/CFHTLenSmasks/W1m2p2_izrgu_finalmask_mosaic.fits
/Volumes/LaCieDavis/CFHTLenSmasks/W1m2p3_izrgu_finalmask_mosaic.fits
/Volumes/LaCieDavis/CFHTLenSmasks/W1m3m0_izrgu_finalmask_mosaic.fits
/Volumes/LaCieDavis/CFHTLenSmasks/W1m3m1_izrgu_finalmask_mosaic.fits
/Volumes/LaCieDavis/CFHTLenSmasks/W1m3m2_izrgu_finalmask_mosaic.fits
/Volumes/LaCieDavis/CFHTLenSmasks/W1m3m3_izrgu_finalmask_mosaic.fits
/Volumes/LaCieDavis/CFHTLenSmasks/W1m3m4_yzrgu_finalmask_mosaic.fits
/Volumes/LaCieDavis/CFHTLenSmasks/W1m3p1_izrgu_finalmask_mosaic.fits
/Volumes/LaCieDavis/CFHTLenSmasks/W1m3p2_izrgu_finalmask_mosaic.fits
/Volumes/LaCieDavis/CFHTLenSmasks/W1m3p3_izrgu_finalmask_mosaic.fits
/Volumes/LaCieDavis/CFHTLenSmasks/W1m4m0_izrgu_finalmask_mosaic.fits
/Volumes/LaCieDavis/CFHTLenSmasks/W1m4m1_izrgu_finalmask_mosaic.fits
/Volumes/LaCieDavis/CFHTLenSmasks/W1m4m2_izrgu_finalmask_mosaic.fits
/Volumes/LaCieDavis/CFHTLenSmasks/W1m4m3_izrgu_finalmask_mosaic.fits
/Volumes/LaCieDavis/CFHTLenSmasks/W1m4m4_yzrgu_finalmask_mosaic.fits
/Volumes/LaCieDavis/CFHTLenSmasks/W1m4p1_izrgu_finalmask_mosaic.fits
/Volumes/LaCieDavis/CFHTLenSmasks/W1m4p2_izrgu_finalmask_mosaic.fits
/Volumes/LaCieDavis/CFHTLenSmasks/W1m4p3_izrgu_finalmask_mosaic.fits
/Volumes/LaCieDavis/CFHTLenSmasks/W1p1m0_izrgu_finalmask_mosaic.fits
/Volumes/LaCieDavis/CFHTLenSmasks/W1p1m1_izrgu_finalmask_mosaic.fits
