/Volumes/LaCieDavis/CFHTLenSmasks/W1p3p3_izrgu_finalmask_mosaic.fits
/Volumes/LaCieDavis/CFHTLenSmasks/W1p4m0_izrgu_finalmask_mosaic.fits
/Volumes/LaCieDavis/CFHTLenSmasks/W1p4m1_izrgu_finalmask_mosaic.fits
/Volumes/LaCieDavis/CFHTLenSmasks/W1p4m2_izrgu_finalmask_mosaic.fits
/Volumes/LaCieDavis/CFHTLenSmasks/W1p4m3_izrgu_finalmask_mosaic.fits
/Volumes/LaCieDavis/CFHTLenSmasks/W1p4m4_yzrgu_finalmask_mosaic.fits
/Volumes/LaCieDavis/CFHTLenSmasks/W1p4p1_izrgu_finalmask_mosaic.fits
/Volumes/LaCieDavis/CFHTLenSmasks/W1p4p2_izrgu_finalmask_mosaic.fits
/Volumes/LaCieDavis/CFHTLenSmasks/W1p4p3_izrgu_finalmask_mosaic.fits
/Volumes/LaCieDavis/CFHTLenSmasks/W2m0m0_izrgu_finalmask_mosaic.fits
/Volumes/LaCieDavis/CFHTLenSmasks/W2m0m1_izrgu_finalmask_mosaic.fits
/Volumes/LaCieDavis/CFHTLenSmasks/W2m0p1_izrgu_finalmask_mosaic.fits
/Volumes/LaCieDavis/CFHTLenSmasks/W2m0p2_izrgu_finalmask_mosaic.fits
/Volumes/LaCieDavis/CFHTLenSmasks/W2m0p3_izrgu_finalmask_mosaic.fits
/Volumes/LaCieDavis/CFHTLenSmasks/W2m1m0_izrgu_finalmask_mosaic.fits
/Volumes/LaCieDavis/CFHTLenSmasks/W2m1m1_izrgu_finalmask_mosaic.fits
/Volumes/LaCieDavis/CFHTLenSmasks/W2m1p1_izrgu_finalmask_mosaic.fits
/Volumes/LaCieDavis/CFHTLenSmasks/W2m1p2_izrgu_finalmask_mosaic.fits
/Volumes/LaCieDavis/CFHTLenSmasks/W2m1p3_izrgu_finalmask_mosaic.fits
/Volumes/LaCieDavis/CFHTLenSmasks/W2p1m0_izrgu_finalmask_mosaic.fits
/Volumes/LaCieDavis/CFHTLenSmasks/W2p1m1_izrgu_finalmask_mosaic.fits
