       python /Users/perseus/Dropbox/Davis_work/code/GOODCODE/weightinguniversal_overlap_sampling_nobeta_WFI2033nochanges.py WFI2033 /Volumes/perseus_1/CFHTLens_galphotmstar/W3p3m1_24galphotmstar.cat  /Users/perseus/Desktop/CFHTLenSmasks/W3p3m1_izrgu_finalmask_mosaic.fits 45 IRAC deti meds
       python /Users/perseus/Dropbox/Davis_work/code/GOODCODE/weightinguniversal_overlap_sampling_nobeta_WFI2033nochanges.py WFI2033 /Volumes/perseus_1/CFHTLens_galphotmstar/W3p3m2_24galphotmstar.cat  /Users/perseus/Desktop/CFHTLenSmasks/W3p3m2_izrgu_finalmask_mosaic.fits 45 IRAC deti meds
       python /Users/perseus/Dropbox/Davis_work/code/GOODCODE/weightinguniversal_overlap_sampling_nobeta_WFI2033nochanges.py WFI2033 /Volumes/perseus_1/CFHTLens_galphotmstar/W3p3m3_24galphotmstar.cat  /Users/perseus/Desktop/CFHTLenSmasks/W3p3m3_izrgu_finalmask_mosaic.fits 45 IRAC deti meds
       python /Users/perseus/Dropbox/Davis_work/code/GOODCODE/weightinguniversal_overlap_sampling_nobeta_WFI2033nochanges.py WFI2033 /Volumes/perseus_1/CFHTLens_galphotmstar/W3p3p1_24galphotmstar.cat  /Users/perseus/Desktop/CFHTLenSmasks/W3p3p1_izrgu_finalmask_mosaic.fits 45 IRAC deti meds
       python /Users/perseus/Dropbox/Davis_work/code/GOODCODE/weightinguniversal_overlap_sampling_nobeta_WFI2033nochanges.py WFI2033 /Volumes/perseus_1/CFHTLens_galphotmstar/W3p3p2_24galphotmstar.cat  /Users/perseus/Desktop/CFHTLenSmasks/W3p3p2_izrgu_finalmask_mosaic.fits 45 IRAC deti meds
       python /Users/perseus/Dropbox/Davis_work/code/GOODCODE/weightinguniversal_overlap_sampling_nobeta_WFI2033nochanges.py WFI2033 /Volumes/perseus_1/CFHTLens_galphotmstar/W3p3p3_24galphotmstar.cat  /Users/perseus/Desktop/CFHTLenSmasks/W3p3p3_izrgu_finalmask_mosaic.fits 45 IRAC deti meds
       python /Users/perseus/Dropbox/Davis_work/code/GOODCODE/weightinguniversal_overlap_sampling_nobeta_WFI2033nochanges.py WFI2033 /Volumes/perseus_1/CFHTLens_galphotmstar/W4m0m0_24galphotmstar.cat  /Users/perseus/Desktop/CFHTLenSmasks/W4m0m0_izrgu_finalmask_mosaic.fits 45 IRAC deti meds
       python /Users/perseus/Dropbox/Davis_work/code/GOODCODE/weightinguniversal_overlap_sampling_nobeta_WFI2033nochanges.py WFI2033 /Volumes/perseus_1/CFHTLens_galphotmstar/W4m0m1_24galphotmstar.cat  /Users/perseus/Desktop/CFHTLenSmasks/W4m0m1_izrgu_finalmask_mosaic.fits 45 IRAC deti meds
       python /Users/perseus/Dropbox/Davis_work/code/GOODCODE/weightinguniversal_overlap_sampling_nobeta_WFI2033nochanges.py WFI2033 /Volumes/perseus_1/CFHTLens_galphotmstar/W4m0m2_24galphotmstar.cat  /Users/perseus/Desktop/CFHTLenSmasks/W4m0m2_izrgu_finalmask_mosaic.fits 45 IRAC deti meds
       python /Users/perseus/Dropbox/Davis_work/code/GOODCODE/weightinguniversal_overlap_sampling_nobeta_WFI2033nochanges.py WFI2033 /Volumes/perseus_1/CFHTLens_galphotmstar/W4m0p1_24galphotmstar.cat  /Users/perseus/Desktop/CFHTLenSmasks/W4m0p1_izrgu_finalmask_mosaic.fits 45 IRAC deti meds
       python /Users/perseus/Dropbox/Davis_work/code/GOODCODE/weightinguniversal_overlap_sampling_nobeta_WFI2033nochanges.py WFI2033 /Volumes/perseus_1/CFHTLens_galphotmstar/W4m1m0_24galphotmstar.cat  /Users/perseus/Desktop/CFHTLenSmasks/W4m1m0_izrgu_finalmask_mosaic.fits 45 IRAC deti meds
       python /Users/perseus/Dropbox/Davis_work/code/GOODCODE/weightinguniversal_overlap_sampling_nobeta_WFI2033nochanges.py WFI2033 /Volumes/perseus_1/CFHTLens_galphotmstar/W4m1m1_24galphotmstar.cat  /Users/perseus/Desktop/CFHTLenSmasks/W4m1m1_izrgu_finalmask_mosaic.fits 45 IRAC deti meds
       python /Users/perseus/Dropbox/Davis_work/code/GOODCODE/weightinguniversal_overlap_sampling_nobeta_WFI2033nochanges.py WFI2033 /Volumes/perseus_1/CFHTLens_galphotmstar/W4m1m2_24galphotmstar.cat  /Users/perseus/Desktop/CFHTLenSmasks/W4m1m2_izrgu_finalmask_mosaic.fits 45 IRAC deti meds
       python /Users/perseus/Dropbox/Davis_work/code/GOODCODE/weightinguniversal_overlap_sampling_nobeta_WFI2033nochanges.py WFI2033 /Volumes/perseus_1/CFHTLens_galphotmstar/W4m1p1_24galphotmstar.cat  /Users/perseus/Desktop/CFHTLenSmasks/W4m1p1_yzrgu_finalmask_mosaic.fits 45 IRAC deti meds
       python /Users/perseus/Dropbox/Davis_work/code/GOODCODE/weightinguniversal_overlap_sampling_nobeta_WFI2033nochanges.py WFI2033 /Volumes/perseus_1/CFHTLens_galphotmstar/W4m1p2_24galphotmstar.cat  /Users/perseus/Desktop/CFHTLenSmasks/W4m1p2_yzrgu_finalmask_mosaic.fits 45 IRAC deti meds
       python /Users/perseus/Dropbox/Davis_work/code/GOODCODE/weightinguniversal_overlap_sampling_nobeta_WFI2033nochanges.py WFI2033 /Volumes/perseus_1/CFHTLens_galphotmstar/W4m1p3_24galphotmstar.cat  /Users/perseus/Desktop/CFHTLenSmasks/W4m1p3_yzrgu_finalmask_mosaic.fits 45 IRAC deti meds
       python /Users/perseus/Dropbox/Davis_work/code/GOODCODE/weightinguniversal_overlap_sampling_nobeta_WFI2033nochanges.py WFI2033 /Volumes/perseus_1/CFHTLens_galphotmstar/W4m2m0_24galphotmstar.cat  /Users/perseus/Desktop/CFHTLenSmasks/W4m2m0_izrgu_finalmask_mosaic.fits 45 IRAC deti meds
       python /Users/perseus/Dropbox/Davis_work/code/GOODCODE/weightinguniversal_overlap_sampling_nobeta_WFI2033nochanges.py WFI2033 /Volumes/perseus_1/CFHTLens_galphotmstar/W4m2p1_24galphotmstar.cat  /Users/perseus/Desktop/CFHTLenSmasks/W4m2p1_izrgu_finalmask_mosaic.fits 45 IRAC deti meds
       python /Users/perseus/Dropbox/Davis_work/code/GOODCODE/weightinguniversal_overlap_sampling_nobeta_WFI2033nochanges.py WFI2033 /Volumes/perseus_1/CFHTLens_galphotmstar/W4m2p2_24galphotmstar.cat  /Users/perseus/Desktop/CFHTLenSmasks/W4m2p2_yzrgu_finalmask_mosaic.fits 45 IRAC deti meds
       python /Users/perseus/Dropbox/Davis_work/code/GOODCODE/weightinguniversal_overlap_sampling_nobeta_WFI2033nochanges.py WFI2033 /Volumes/perseus_1/CFHTLens_galphotmstar/W4m2p3_24galphotmstar.cat  /Users/perseus/Desktop/CFHTLenSmasks/W4m2p3_yzrgu_finalmask_mosaic.fits 45 IRAC deti meds
       python /Users/perseus/Dropbox/Davis_work/code/GOODCODE/weightinguniversal_overlap_sampling_nobeta_WFI2033nochanges.py WFI2033 /Volumes/perseus_1/CFHTLens_galphotmstar/W4m3m0_24galphotmstar.cat  /Users/perseus/Desktop/CFHTLenSmasks/W4m3m0_izrgu_finalmask_mosaic.fits 45 IRAC deti meds
       python /Users/perseus/Dropbox/Davis_work/code/GOODCODE/weightinguniversal_overlap_sampling_nobeta_WFI2033nochanges.py WFI2033 /Volumes/perseus_1/CFHTLens_galphotmstar/W4m3p1_24galphotmstar.cat  /Users/perseus/Desktop/CFHTLenSmasks/W4m3p1_izrgu_finalmask_mosaic.fits 45 IRAC deti meds
       python /Users/perseus/Dropbox/Davis_work/code/GOODCODE/weightinguniversal_overlap_sampling_nobeta_WFI2033nochanges.py WFI2033 /Volumes/perseus_1/CFHTLens_galphotmstar/W4m3p2_24galphotmstar.cat  /Users/perseus/Desktop/CFHTLenSmasks/W4m3p2_izrgu_finalmask_mosaic.fits 45 IRAC deti meds
       python /Users/perseus/Dropbox/Davis_work/code/GOODCODE/weightinguniversal_overlap_sampling_nobeta_WFI2033nochanges.py WFI2033 /Volumes/perseus_1/CFHTLens_galphotmstar/W4m3p3_24galphotmstar.cat  /Users/perseus/Desktop/CFHTLenSmasks/W4m3p3_yzrgu_finalmask_mosaic.fits 45 IRAC deti meds
       python /Users/perseus/Dropbox/Davis_work/code/GOODCODE/weightinguniversal_overlap_sampling_nobeta_WFI2033nochanges.py WFI2033 /Volumes/perseus_1/CFHTLens_galphotmstar/W4p1m0_24galphotmstar.cat  /Users/perseus/Desktop/CFHTLenSmasks/W4p1m0_izrgu_finalmask_mosaic.fits 45 IRAC deti meds
       python /Users/perseus/Dropbox/Davis_work/code/GOODCODE/weightinguniversal_overlap_sampling_nobeta_WFI2033nochanges.py WFI2033 /Volumes/perseus_1/CFHTLens_galphotmstar/W4p1m1_24galphotmstar.cat  /Users/perseus/Desktop/CFHTLenSmasks/W4p1m1_izrgu_finalmask_mosaic.fits 45 IRAC deti meds
       python /Users/perseus/Dropbox/Davis_work/code/GOODCODE/weightinguniversal_overlap_sampling_nobeta_WFI2033nochanges.py WFI2033 /Volumes/perseus_1/CFHTLens_galphotmstar/W4p1m2_24galphotmstar.cat  /Users/perseus/Desktop/CFHTLenSmasks/W4p1m2_izrgu_finalmask_mosaic.fits 45 IRAC deti meds
       python /Users/perseus/Dropbox/Davis_work/code/GOODCODE/weightinguniversal_overlap_sampling_nobeta_WFI2033nochanges.py WFI2033 /Volumes/perseus_1/CFHTLens_galphotmstar/W4p1p1_24galphotmstar.cat  /Users/perseus/Desktop/CFHTLenSmasks/W4p1p1_izrgu_finalmask_mosaic.fits 45 IRAC deti meds
       python /Users/perseus/Dropbox/Davis_work/code/GOODCODE/weightinguniversal_overlap_sampling_nobeta_WFI2033nochanges.py WFI2033 /Volumes/perseus_1/CFHTLens_galphotmstar/W4p2m0_24galphotmstar.cat  /Users/perseus/Desktop/CFHTLenSmasks/W4p2m0_izrgu_finalmask_mosaic.fits 45 IRAC deti meds
       python /Users/perseus/Dropbox/Davis_work/code/GOODCODE/weightinguniversal_overlap_sampling_nobeta_WFI2033nochanges.py WFI2033 /Volumes/perseus_1/CFHTLens_galphotmstar/W4p2m1_24galphotmstar.cat  /Users/perseus/Desktop/CFHTLenSmasks/W4p2m1_izrgu_finalmask_mosaic.fits 45 IRAC deti meds
       python /Users/perseus/Dropbox/Davis_work/code/GOODCODE/weightinguniversal_overlap_sampling_nobeta_WFI2033nochanges.py WFI2033 /Volumes/perseus_1/CFHTLens_galphotmstar/W4p2m2_24galphotmstar.cat  /Users/perseus/Desktop/CFHTLenSmasks/W4p2m2_izrgu_finalmask_mosaic.fits 45 IRAC deti meds

python /Users/perseus/Dropbox/Davis_work/code/GOODCODE/weightinguniversal_overlap_sampling_nobeta_WFI2033rethought.py WFI2033 /Volumes/perseus_1/CFHTLens_galphotmstar/W3p3m1_24galphotmstar.cat  /Users/perseus/Desktop/CFHTLenSmasks/W3p3m1_izrgu_finalmask_mosaic.fits 45 IRAC deti meds
python /Users/perseus/Dropbox/Davis_work/code/GOODCODE/weightinguniversal_overlap_sampling_nobeta_WFI2033rethought.py WFI2033 /Volumes/perseus_1/CFHTLens_galphotmstar/W3p3m2_24galphotmstar.cat  /Users/perseus/Desktop/CFHTLenSmasks/W3p3m2_izrgu_finalmask_mosaic.fits 45 IRAC deti meds
python /Users/perseus/Dropbox/Davis_work/code/GOODCODE/weightinguniversal_overlap_sampling_nobeta_WFI2033rethought.py WFI2033 /Volumes/perseus_1/CFHTLens_galphotmstar/W3p3m3_24galphotmstar.cat  /Users/perseus/Desktop/CFHTLenSmasks/W3p3m3_izrgu_finalmask_mosaic.fits 45 IRAC deti meds
python /Users/perseus/Dropbox/Davis_work/code/GOODCODE/weightinguniversal_overlap_sampling_nobeta_WFI2033rethought.py WFI2033 /Volumes/perseus_1/CFHTLens_galphotmstar/W3p3p1_24galphotmstar.cat  /Users/perseus/Desktop/CFHTLenSmasks/W3p3p1_izrgu_finalmask_mosaic.fits 45 IRAC deti meds
python /Users/perseus/Dropbox/Davis_work/code/GOODCODE/weightinguniversal_overlap_sampling_nobeta_WFI2033rethought.py WFI2033 /Volumes/perseus_1/CFHTLens_galphotmstar/W3p3p2_24galphotmstar.cat  /Users/perseus/Desktop/CFHTLenSmasks/W3p3p2_izrgu_finalmask_mosaic.fits 45 IRAC deti meds
python /Users/perseus/Dropbox/Davis_work/code/GOODCODE/weightinguniversal_overlap_sampling_nobeta_WFI2033rethought.py WFI2033 /Volumes/perseus_1/CFHTLens_galphotmstar/W3p3p3_24galphotmstar.cat  /Users/perseus/Desktop/CFHTLenSmasks/W3p3p3_izrgu_finalmask_mosaic.fits 45 IRAC deti meds
python /Users/perseus/Dropbox/Davis_work/code/GOODCODE/weightinguniversal_overlap_sampling_nobeta_WFI2033rethought.py WFI2033 /Volumes/perseus_1/CFHTLens_galphotmstar/W4m0m0_24galphotmstar.cat  /Users/perseus/Desktop/CFHTLenSmasks/W4m0m0_izrgu_finalmask_mosaic.fits 45 IRAC deti meds
python /Users/perseus/Dropbox/Davis_work/code/GOODCODE/weightinguniversal_overlap_sampling_nobeta_WFI2033rethought.py WFI2033 /Volumes/perseus_1/CFHTLens_galphotmstar/W4m0m1_24galphotmstar.cat  /Users/perseus/Desktop/CFHTLenSmasks/W4m0m1_izrgu_finalmask_mosaic.fits 45 IRAC deti meds
python /Users/perseus/Dropbox/Davis_work/code/GOODCODE/weightinguniversal_overlap_sampling_nobeta_WFI2033rethought.py WFI2033 /Volumes/perseus_1/CFHTLens_galphotmstar/W4m0m2_24galphotmstar.cat  /Users/perseus/Desktop/CFHTLenSmasks/W4m0m2_izrgu_finalmask_mosaic.fits 45 IRAC deti meds
python /Users/perseus/Dropbox/Davis_work/code/GOODCODE/weightinguniversal_overlap_sampling_nobeta_WFI2033rethought.py WFI2033 /Volumes/perseus_1/CFHTLens_galphotmstar/W4m0p1_24galphotmstar.cat  /Users/perseus/Desktop/CFHTLenSmasks/W4m0p1_izrgu_finalmask_mosaic.fits 45 IRAC deti meds
python /Users/perseus/Dropbox/Davis_work/code/GOODCODE/weightinguniversal_overlap_sampling_nobeta_WFI2033rethought.py WFI2033 /Volumes/perseus_1/CFHTLens_galphotmstar/W4m1m0_24galphotmstar.cat  /Users/perseus/Desktop/CFHTLenSmasks/W4m1m0_izrgu_finalmask_mosaic.fits 45 IRAC deti meds
python /Users/perseus/Dropbox/Davis_work/code/GOODCODE/weightinguniversal_overlap_sampling_nobeta_WFI2033rethought.py WFI2033 /Volumes/perseus_1/CFHTLens_galphotmstar/W4m1m1_24galphotmstar.cat  /Users/perseus/Desktop/CFHTLenSmasks/W4m1m1_izrgu_finalmask_mosaic.fits 45 IRAC deti meds
python /Users/perseus/Dropbox/Davis_work/code/GOODCODE/weightinguniversal_overlap_sampling_nobeta_WFI2033rethought.py WFI2033 /Volumes/perseus_1/CFHTLens_galphotmstar/W4m1m2_24galphotmstar.cat  /Users/perseus/Desktop/CFHTLenSmasks/W4m1m2_izrgu_finalmask_mosaic.fits 45 IRAC deti meds
python /Users/perseus/Dropbox/Davis_work/code/GOODCODE/weightinguniversal_overlap_sampling_nobeta_WFI2033rethought.py WFI2033 /Volumes/perseus_1/CFHTLens_galphotmstar/W4m1p1_24galphotmstar.cat  /Users/perseus/Desktop/CFHTLenSmasks/W4m1p1_yzrgu_finalmask_mosaic.fits 45 IRAC deti meds
python /Users/perseus/Dropbox/Davis_work/code/GOODCODE/weightinguniversal_overlap_sampling_nobeta_WFI2033rethought.py WFI2033 /Volumes/perseus_1/CFHTLens_galphotmstar/W4m1p2_24galphotmstar.cat  /Users/perseus/Desktop/CFHTLenSmasks/W4m1p2_yzrgu_finalmask_mosaic.fits 45 IRAC deti meds
python /Users/perseus/Dropbox/Davis_work/code/GOODCODE/weightinguniversal_overlap_sampling_nobeta_WFI2033rethought.py WFI2033 /Volumes/perseus_1/CFHTLens_galphotmstar/W4m1p3_24galphotmstar.cat  /Users/perseus/Desktop/CFHTLenSmasks/W4m1p3_yzrgu_finalmask_mosaic.fits 45 IRAC deti meds
python /Users/perseus/Dropbox/Davis_work/code/GOODCODE/weightinguniversal_overlap_sampling_nobeta_WFI2033rethought.py WFI2033 /Volumes/perseus_1/CFHTLens_galphotmstar/W4m2m0_24galphotmstar.cat  /Users/perseus/Desktop/CFHTLenSmasks/W4m2m0_izrgu_finalmask_mosaic.fits 45 IRAC deti meds
python /Users/perseus/Dropbox/Davis_work/code/GOODCODE/weightinguniversal_overlap_sampling_nobeta_WFI2033rethought.py WFI2033 /Volumes/perseus_1/CFHTLens_galphotmstar/W4m2p1_24galphotmstar.cat  /Users/perseus/Desktop/CFHTLenSmasks/W4m2p1_izrgu_finalmask_mosaic.fits 45 IRAC deti meds
python /Users/perseus/Dropbox/Davis_work/code/GOODCODE/weightinguniversal_overlap_sampling_nobeta_WFI2033rethought.py WFI2033 /Volumes/perseus_1/CFHTLens_galphotmstar/W4m2p2_24galphotmstar.cat  /Users/perseus/Desktop/CFHTLenSmasks/W4m2p2_yzrgu_finalmask_mosaic.fits 45 IRAC deti meds
python /Users/perseus/Dropbox/Davis_work/code/GOODCODE/weightinguniversal_overlap_sampling_nobeta_WFI2033rethought.py WFI2033 /Volumes/perseus_1/CFHTLens_galphotmstar/W4m2p3_24galphotmstar.cat  /Users/perseus/Desktop/CFHTLenSmasks/W4m2p3_yzrgu_finalmask_mosaic.fits 45 IRAC deti meds
python /Users/perseus/Dropbox/Davis_work/code/GOODCODE/weightinguniversal_overlap_sampling_nobeta_WFI2033rethought.py WFI2033 /Volumes/perseus_1/CFHTLens_galphotmstar/W4m3m0_24galphotmstar.cat  /Users/perseus/Desktop/CFHTLenSmasks/W4m3m0_izrgu_finalmask_mosaic.fits 45 IRAC deti meds
python /Users/perseus/Dropbox/Davis_work/code/GOODCODE/weightinguniversal_overlap_sampling_nobeta_WFI2033rethought.py WFI2033 /Volumes/perseus_1/CFHTLens_galphotmstar/W4m3p1_24galphotmstar.cat  /Users/perseus/Desktop/CFHTLenSmasks/W4m3p1_izrgu_finalmask_mosaic.fits 45 IRAC deti meds
python /Users/perseus/Dropbox/Davis_work/code/GOODCODE/weightinguniversal_overlap_sampling_nobeta_WFI2033rethought.py WFI2033 /Volumes/perseus_1/CFHTLens_galphotmstar/W4m3p2_24galphotmstar.cat  /Users/perseus/Desktop/CFHTLenSmasks/W4m3p2_izrgu_finalmask_mosaic.fits 45 IRAC deti meds
python /Users/perseus/Dropbox/Davis_work/code/GOODCODE/weightinguniversal_overlap_sampling_nobeta_WFI2033rethought.py WFI2033 /Volumes/perseus_1/CFHTLens_galphotmstar/W4m3p3_24galphotmstar.cat  /Users/perseus/Desktop/CFHTLenSmasks/W4m3p3_yzrgu_finalmask_mosaic.fits 45 IRAC deti meds
python /Users/perseus/Dropbox/Davis_work/code/GOODCODE/weightinguniversal_overlap_sampling_nobeta_WFI2033rethought.py WFI2033 /Volumes/perseus_1/CFHTLens_galphotmstar/W4p1m0_24galphotmstar.cat  /Users/perseus/Desktop/CFHTLenSmasks/W4p1m0_izrgu_finalmask_mosaic.fits 45 IRAC deti meds
python /Users/perseus/Dropbox/Davis_work/code/GOODCODE/weightinguniversal_overlap_sampling_nobeta_WFI2033rethought.py WFI2033 /Volumes/perseus_1/CFHTLens_galphotmstar/W4p1m1_24galphotmstar.cat  /Users/perseus/Desktop/CFHTLenSmasks/W4p1m1_izrgu_finalmask_mosaic.fits 45 IRAC deti meds
python /Users/perseus/Dropbox/Davis_work/code/GOODCODE/weightinguniversal_overlap_sampling_nobeta_WFI2033rethought.py WFI2033 /Volumes/perseus_1/CFHTLens_galphotmstar/W4p1m2_24galphotmstar.cat  /Users/perseus/Desktop/CFHTLenSmasks/W4p1m2_izrgu_finalmask_mosaic.fits 45 IRAC deti meds
python /Users/perseus/Dropbox/Davis_work/code/GOODCODE/weightinguniversal_overlap_sampling_nobeta_WFI2033rethought.py WFI2033 /Volumes/perseus_1/CFHTLens_galphotmstar/W4p1p1_24galphotmstar.cat  /Users/perseus/Desktop/CFHTLenSmasks/W4p1p1_izrgu_finalmask_mosaic.fits 45 IRAC deti meds
python /Users/perseus/Dropbox/Davis_work/code/GOODCODE/weightinguniversal_overlap_sampling_nobeta_WFI2033rethought.py WFI2033 /Volumes/perseus_1/CFHTLens_galphotmstar/W4p2m0_24galphotmstar.cat  /Users/perseus/Desktop/CFHTLenSmasks/W4p2m0_izrgu_finalmask_mosaic.fits 45 IRAC deti meds
python /Users/perseus/Dropbox/Davis_work/code/GOODCODE/weightinguniversal_overlap_sampling_nobeta_WFI2033rethought.py WFI2033 /Volumes/perseus_1/CFHTLens_galphotmstar/W4p2m1_24galphotmstar.cat  /Users/perseus/Desktop/CFHTLenSmasks/W4p2m1_izrgu_finalmask_mosaic.fits 45 IRAC deti meds
python /Users/perseus/Dropbox/Davis_work/code/GOODCODE/weightinguniversal_overlap_sampling_nobeta_WFI2033rethought.py WFI2033 /Volumes/perseus_1/CFHTLens_galphotmstar/W4p2m2_24galphotmstar.cat  /Users/perseus/Desktop/CFHTLenSmasks/W4p2m2_izrgu_finalmask_mosaic.fits 45 IRAC deti meds

python /Users/perseus/Dropbox/Davis_work/code/GOODCODE/weightinguniversal_overlap_sampling_nobeta_WFI2033rethought.py WFI2033 /Volumes/perseus_1/CFHTLens_galphotmstar/W3p3m1_24galphotmstar.cat  /Users/perseus/Desktop/CFHTLenSmasks/W3p3m1_izrgu_finalmask_mosaic.fits 45 noIRAC deti meds
python /Users/perseus/Dropbox/Davis_work/code/GOODCODE/weightinguniversal_overlap_sampling_nobeta_WFI2033rethought.py WFI2033 /Volumes/perseus_1/CFHTLens_galphotmstar/W3p3m2_24galphotmstar.cat  /Users/perseus/Desktop/CFHTLenSmasks/W3p3m2_izrgu_finalmask_mosaic.fits 45 noIRAC deti meds
python /Users/perseus/Dropbox/Davis_work/code/GOODCODE/weightinguniversal_overlap_sampling_nobeta_WFI2033rethought.py WFI2033 /Volumes/perseus_1/CFHTLens_galphotmstar/W3p3m3_24galphotmstar.cat  /Users/perseus/Desktop/CFHTLenSmasks/W3p3m3_izrgu_finalmask_mosaic.fits 45 noIRAC deti meds
python /Users/perseus/Dropbox/Davis_work/code/GOODCODE/weightinguniversal_overlap_sampling_nobeta_WFI2033rethought.py WFI2033 /Volumes/perseus_1/CFHTLens_galphotmstar/W3p3p1_24galphotmstar.cat  /Users/perseus/Desktop/CFHTLenSmasks/W3p3p1_izrgu_finalmask_mosaic.fits 45 noIRAC deti meds
python /Users/perseus/Dropbox/Davis_work/code/GOODCODE/weightinguniversal_overlap_sampling_nobeta_WFI2033rethought.py WFI2033 /Volumes/perseus_1/CFHTLens_galphotmstar/W3p3p2_24galphotmstar.cat  /Users/perseus/Desktop/CFHTLenSmasks/W3p3p2_izrgu_finalmask_mosaic.fits 45 noIRAC deti meds
python /Users/perseus/Dropbox/Davis_work/code/GOODCODE/weightinguniversal_overlap_sampling_nobeta_WFI2033rethought.py WFI2033 /Volumes/perseus_1/CFHTLens_galphotmstar/W3p3p3_24galphotmstar.cat  /Users/perseus/Desktop/CFHTLenSmasks/W3p3p3_izrgu_finalmask_mosaic.fits 45 noIRAC deti meds
python /Users/perseus/Dropbox/Davis_work/code/GOODCODE/weightinguniversal_overlap_sampling_nobeta_WFI2033rethought.py WFI2033 /Volumes/perseus_1/CFHTLens_galphotmstar/W4m0m0_24galphotmstar.cat  /Users/perseus/Desktop/CFHTLenSmasks/W4m0m0_izrgu_finalmask_mosaic.fits 45 noIRAC deti meds
python /Users/perseus/Dropbox/Davis_work/code/GOODCODE/weightinguniversal_overlap_sampling_nobeta_WFI2033rethought.py WFI2033 /Volumes/perseus_1/CFHTLens_galphotmstar/W4m0m1_24galphotmstar.cat  /Users/perseus/Desktop/CFHTLenSmasks/W4m0m1_izrgu_finalmask_mosaic.fits 45 noIRAC deti meds
python /Users/perseus/Dropbox/Davis_work/code/GOODCODE/weightinguniversal_overlap_sampling_nobeta_WFI2033rethought.py WFI2033 /Volumes/perseus_1/CFHTLens_galphotmstar/W4m0m2_24galphotmstar.cat  /Users/perseus/Desktop/CFHTLenSmasks/W4m0m2_izrgu_finalmask_mosaic.fits 45 noIRAC deti meds
python /Users/perseus/Dropbox/Davis_work/code/GOODCODE/weightinguniversal_overlap_sampling_nobeta_WFI2033rethought.py WFI2033 /Volumes/perseus_1/CFHTLens_galphotmstar/W4m0p1_24galphotmstar.cat  /Users/perseus/Desktop/CFHTLenSmasks/W4m0p1_izrgu_finalmask_mosaic.fits 45 noIRAC deti meds
python /Users/perseus/Dropbox/Davis_work/code/GOODCODE/weightinguniversal_overlap_sampling_nobeta_WFI2033rethought.py WFI2033 /Volumes/perseus_1/CFHTLens_galphotmstar/W4m1m0_24galphotmstar.cat  /Users/perseus/Desktop/CFHTLenSmasks/W4m1m0_izrgu_finalmask_mosaic.fits 45 noIRAC deti meds
python /Users/perseus/Dropbox/Davis_work/code/GOODCODE/weightinguniversal_overlap_sampling_nobeta_WFI2033rethought.py WFI2033 /Volumes/perseus_1/CFHTLens_galphotmstar/W4m1m1_24galphotmstar.cat  /Users/perseus/Desktop/CFHTLenSmasks/W4m1m1_izrgu_finalmask_mosaic.fits 45 noIRAC deti meds
python /Users/perseus/Dropbox/Davis_work/code/GOODCODE/weightinguniversal_overlap_sampling_nobeta_WFI2033rethought.py WFI2033 /Volumes/perseus_1/CFHTLens_galphotmstar/W4m1m2_24galphotmstar.cat  /Users/perseus/Desktop/CFHTLenSmasks/W4m1m2_izrgu_finalmask_mosaic.fits 45 noIRAC deti meds
python /Users/perseus/Dropbox/Davis_work/code/GOODCODE/weightinguniversal_overlap_sampling_nobeta_WFI2033rethought.py WFI2033 /Volumes/perseus_1/CFHTLens_galphotmstar/W4m1p1_24galphotmstar.cat  /Users/perseus/Desktop/CFHTLenSmasks/W4m1p1_yzrgu_finalmask_mosaic.fits 45 noIRAC deti meds
python /Users/perseus/Dropbox/Davis_work/code/GOODCODE/weightinguniversal_overlap_sampling_nobeta_WFI2033rethought.py WFI2033 /Volumes/perseus_1/CFHTLens_galphotmstar/W4m1p2_24galphotmstar.cat  /Users/perseus/Desktop/CFHTLenSmasks/W4m1p2_yzrgu_finalmask_mosaic.fits 45 noIRAC deti meds
python /Users/perseus/Dropbox/Davis_work/code/GOODCODE/weightinguniversal_overlap_sampling_nobeta_WFI2033rethought.py WFI2033 /Volumes/perseus_1/CFHTLens_galphotmstar/W4m1p3_24galphotmstar.cat  /Users/perseus/Desktop/CFHTLenSmasks/W4m1p3_yzrgu_finalmask_mosaic.fits 45 noIRAC deti meds
python /Users/perseus/Dropbox/Davis_work/code/GOODCODE/weightinguniversal_overlap_sampling_nobeta_WFI2033rethought.py WFI2033 /Volumes/perseus_1/CFHTLens_galphotmstar/W4m2m0_24galphotmstar.cat  /Users/perseus/Desktop/CFHTLenSmasks/W4m2m0_izrgu_finalmask_mosaic.fits 45 noIRAC deti meds
python /Users/perseus/Dropbox/Davis_work/code/GOODCODE/weightinguniversal_overlap_sampling_nobeta_WFI2033rethought.py WFI2033 /Volumes/perseus_1/CFHTLens_galphotmstar/W4m2p1_24galphotmstar.cat  /Users/perseus/Desktop/CFHTLenSmasks/W4m2p1_izrgu_finalmask_mosaic.fits 45 noIRAC deti meds
python /Users/perseus/Dropbox/Davis_work/code/GOODCODE/weightinguniversal_overlap_sampling_nobeta_WFI2033rethought.py WFI2033 /Volumes/perseus_1/CFHTLens_galphotmstar/W4m2p2_24galphotmstar.cat  /Users/perseus/Desktop/CFHTLenSmasks/W4m2p2_yzrgu_finalmask_mosaic.fits 45 noIRAC deti meds
python /Users/perseus/Dropbox/Davis_work/code/GOODCODE/weightinguniversal_overlap_sampling_nobeta_WFI2033rethought.py WFI2033 /Volumes/perseus_1/CFHTLens_galphotmstar/W4m2p3_24galphotmstar.cat  /Users/perseus/Desktop/CFHTLenSmasks/W4m2p3_yzrgu_finalmask_mosaic.fits 45 noIRAC deti meds
python /Users/perseus/Dropbox/Davis_work/code/GOODCODE/weightinguniversal_overlap_sampling_nobeta_WFI2033rethought.py WFI2033 /Volumes/perseus_1/CFHTLens_galphotmstar/W4m3m0_24galphotmstar.cat  /Users/perseus/Desktop/CFHTLenSmasks/W4m3m0_izrgu_finalmask_mosaic.fits 45 noIRAC deti meds
python /Users/perseus/Dropbox/Davis_work/code/GOODCODE/weightinguniversal_overlap_sampling_nobeta_WFI2033rethought.py WFI2033 /Volumes/perseus_1/CFHTLens_galphotmstar/W4m3p1_24galphotmstar.cat  /Users/perseus/Desktop/CFHTLenSmasks/W4m3p1_izrgu_finalmask_mosaic.fits 45 noIRAC deti meds
python /Users/perseus/Dropbox/Davis_work/code/GOODCODE/weightinguniversal_overlap_sampling_nobeta_WFI2033rethought.py WFI2033 /Volumes/perseus_1/CFHTLens_galphotmstar/W4m3p2_24galphotmstar.cat  /Users/perseus/Desktop/CFHTLenSmasks/W4m3p2_izrgu_finalmask_mosaic.fits 45 noIRAC deti meds
python /Users/perseus/Dropbox/Davis_work/code/GOODCODE/weightinguniversal_overlap_sampling_nobeta_WFI2033rethought.py WFI2033 /Volumes/perseus_1/CFHTLens_galphotmstar/W4m3p3_24galphotmstar.cat  /Users/perseus/Desktop/CFHTLenSmasks/W4m3p3_yzrgu_finalmask_mosaic.fits 45 noIRAC deti meds
python /Users/perseus/Dropbox/Davis_work/code/GOODCODE/weightinguniversal_overlap_sampling_nobeta_WFI2033rethought.py WFI2033 /Volumes/perseus_1/CFHTLens_galphotmstar/W4p1m0_24galphotmstar.cat  /Users/perseus/Desktop/CFHTLenSmasks/W4p1m0_izrgu_finalmask_mosaic.fits 45 noIRAC deti meds
python /Users/perseus/Dropbox/Davis_work/code/GOODCODE/weightinguniversal_overlap_sampling_nobeta_WFI2033rethought.py WFI2033 /Volumes/perseus_1/CFHTLens_galphotmstar/W4p1m1_24galphotmstar.cat  /Users/perseus/Desktop/CFHTLenSmasks/W4p1m1_izrgu_finalmask_mosaic.fits 45 noIRAC deti meds
python /Users/perseus/Dropbox/Davis_work/code/GOODCODE/weightinguniversal_overlap_sampling_nobeta_WFI2033rethought.py WFI2033 /Volumes/perseus_1/CFHTLens_galphotmstar/W4p1m2_24galphotmstar.cat  /Users/perseus/Desktop/CFHTLenSmasks/W4p1m2_izrgu_finalmask_mosaic.fits 45 noIRAC deti meds
python /Users/perseus/Dropbox/Davis_work/code/GOODCODE/weightinguniversal_overlap_sampling_nobeta_WFI2033rethought.py WFI2033 /Volumes/perseus_1/CFHTLens_galphotmstar/W4p1p1_24galphotmstar.cat  /Users/perseus/Desktop/CFHTLenSmasks/W4p1p1_izrgu_finalmask_mosaic.fits 45 noIRAC deti meds
python /Users/perseus/Dropbox/Davis_work/code/GOODCODE/weightinguniversal_overlap_sampling_nobeta_WFI2033rethought.py WFI2033 /Volumes/perseus_1/CFHTLens_galphotmstar/W4p2m0_24galphotmstar.cat  /Users/perseus/Desktop/CFHTLenSmasks/W4p2m0_izrgu_finalmask_mosaic.fits 45 noIRAC deti meds
python /Users/perseus/Dropbox/Davis_work/code/GOODCODE/weightinguniversal_overlap_sampling_nobeta_WFI2033rethought.py WFI2033 /Volumes/perseus_1/CFHTLens_galphotmstar/W4p2m1_24galphotmstar.cat  /Users/perseus/Desktop/CFHTLenSmasks/W4p2m1_izrgu_finalmask_mosaic.fits 45 noIRAC deti meds
python /Users/perseus/Dropbox/Davis_work/code/GOODCODE/weightinguniversal_overlap_sampling_nobeta_WFI2033rethought.py WFI2033 /Volumes/perseus_1/CFHTLens_galphotmstar/W4p2m2_24galphotmstar.cat  /Users/perseus/Desktop/CFHTLenSmasks/W4p2m2_izrgu_finalmask_mosaic.fits 45 noIRAC deti meds

python /Users/perseus/Dropbox/Davis_work/code/GOODCODE/weightinguniversal_overlap_sampling_nobeta_WFI2033rethought.py WFI2033 /Volumes/perseus_1/CFHTLens_galphotmstar/W3p3m1_24galphotmstar.cat  /Users/perseus/Desktop/CFHTLenSmasks/W3p3m1_izrgu_finalmask_mosaic.fits 45 IRAC detir meds
python /Users/perseus/Dropbox/Davis_work/code/GOODCODE/weightinguniversal_overlap_sampling_nobeta_WFI2033rethought.py WFI2033 /Volumes/perseus_1/CFHTLens_galphotmstar/W3p3m2_24galphotmstar.cat  /Users/perseus/Desktop/CFHTLenSmasks/W3p3m2_izrgu_finalmask_mosaic.fits 45 IRAC detir meds
python /Users/perseus/Dropbox/Davis_work/code/GOODCODE/weightinguniversal_overlap_sampling_nobeta_WFI2033rethought.py WFI2033 /Volumes/perseus_1/CFHTLens_galphotmstar/W3p3m3_24galphotmstar.cat  /Users/perseus/Desktop/CFHTLenSmasks/W3p3m3_izrgu_finalmask_mosaic.fits 45 IRAC detir meds
python /Users/perseus/Dropbox/Davis_work/code/GOODCODE/weightinguniversal_overlap_sampling_nobeta_WFI2033rethought.py WFI2033 /Volumes/perseus_1/CFHTLens_galphotmstar/W3p3p1_24galphotmstar.cat  /Users/perseus/Desktop/CFHTLenSmasks/W3p3p1_izrgu_finalmask_mosaic.fits 45 IRAC detir meds
python /Users/perseus/Dropbox/Davis_work/code/GOODCODE/weightinguniversal_overlap_sampling_nobeta_WFI2033rethought.py WFI2033 /Volumes/perseus_1/CFHTLens_galphotmstar/W3p3p2_24galphotmstar.cat  /Users/perseus/Desktop/CFHTLenSmasks/W3p3p2_izrgu_finalmask_mosaic.fits 45 IRAC detir meds
python /Users/perseus/Dropbox/Davis_work/code/GOODCODE/weightinguniversal_overlap_sampling_nobeta_WFI2033rethought.py WFI2033 /Volumes/perseus_1/CFHTLens_galphotmstar/W3p3p3_24galphotmstar.cat  /Users/perseus/Desktop/CFHTLenSmasks/W3p3p3_izrgu_finalmask_mosaic.fits 45 IRAC detir meds
python /Users/perseus/Dropbox/Davis_work/code/GOODCODE/weightinguniversal_overlap_sampling_nobeta_WFI2033rethought.py WFI2033 /Volumes/perseus_1/CFHTLens_galphotmstar/W4m0m0_24galphotmstar.cat  /Users/perseus/Desktop/CFHTLenSmasks/W4m0m0_izrgu_finalmask_mosaic.fits 45 IRAC detir meds
python /Users/perseus/Dropbox/Davis_work/code/GOODCODE/weightinguniversal_overlap_sampling_nobeta_WFI2033rethought.py WFI2033 /Volumes/perseus_1/CFHTLens_galphotmstar/W4m0m1_24galphotmstar.cat  /Users/perseus/Desktop/CFHTLenSmasks/W4m0m1_izrgu_finalmask_mosaic.fits 45 IRAC detir meds
python /Users/perseus/Dropbox/Davis_work/code/GOODCODE/weightinguniversal_overlap_sampling_nobeta_WFI2033rethought.py WFI2033 /Volumes/perseus_1/CFHTLens_galphotmstar/W4m0m2_24galphotmstar.cat  /Users/perseus/Desktop/CFHTLenSmasks/W4m0m2_izrgu_finalmask_mosaic.fits 45 IRAC detir meds
python /Users/perseus/Dropbox/Davis_work/code/GOODCODE/weightinguniversal_overlap_sampling_nobeta_WFI2033rethought.py WFI2033 /Volumes/perseus_1/CFHTLens_galphotmstar/W4m0p1_24galphotmstar.cat  /Users/perseus/Desktop/CFHTLenSmasks/W4m0p1_izrgu_finalmask_mosaic.fits 45 IRAC detir meds
python /Users/perseus/Dropbox/Davis_work/code/GOODCODE/weightinguniversal_overlap_sampling_nobeta_WFI2033rethought.py WFI2033 /Volumes/perseus_1/CFHTLens_galphotmstar/W4m1m0_24galphotmstar.cat  /Users/perseus/Desktop/CFHTLenSmasks/W4m1m0_izrgu_finalmask_mosaic.fits 45 IRAC detir meds
python /Users/perseus/Dropbox/Davis_work/code/GOODCODE/weightinguniversal_overlap_sampling_nobeta_WFI2033rethought.py WFI2033 /Volumes/perseus_1/CFHTLens_galphotmstar/W4m1m1_24galphotmstar.cat  /Users/perseus/Desktop/CFHTLenSmasks/W4m1m1_izrgu_finalmask_mosaic.fits 45 IRAC detir meds
python /Users/perseus/Dropbox/Davis_work/code/GOODCODE/weightinguniversal_overlap_sampling_nobeta_WFI2033rethought.py WFI2033 /Volumes/perseus_1/CFHTLens_galphotmstar/W4m1m2_24galphotmstar.cat  /Users/perseus/Desktop/CFHTLenSmasks/W4m1m2_izrgu_finalmask_mosaic.fits 45 IRAC detir meds
python /Users/perseus/Dropbox/Davis_work/code/GOODCODE/weightinguniversal_overlap_sampling_nobeta_WFI2033rethought.py WFI2033 /Volumes/perseus_1/CFHTLens_galphotmstar/W4m1p1_24galphotmstar.cat  /Users/perseus/Desktop/CFHTLenSmasks/W4m1p1_yzrgu_finalmask_mosaic.fits 45 IRAC detir meds
python /Users/perseus/Dropbox/Davis_work/code/GOODCODE/weightinguniversal_overlap_sampling_nobeta_WFI2033rethought.py WFI2033 /Volumes/perseus_1/CFHTLens_galphotmstar/W4m1p2_24galphotmstar.cat  /Users/perseus/Desktop/CFHTLenSmasks/W4m1p2_yzrgu_finalmask_mosaic.fits 45 IRAC detir meds
python /Users/perseus/Dropbox/Davis_work/code/GOODCODE/weightinguniversal_overlap_sampling_nobeta_WFI2033rethought.py WFI2033 /Volumes/perseus_1/CFHTLens_galphotmstar/W4m1p3_24galphotmstar.cat  /Users/perseus/Desktop/CFHTLenSmasks/W4m1p3_yzrgu_finalmask_mosaic.fits 45 IRAC detir meds
python /Users/perseus/Dropbox/Davis_work/code/GOODCODE/weightinguniversal_overlap_sampling_nobeta_WFI2033rethought.py WFI2033 /Volumes/perseus_1/CFHTLens_galphotmstar/W4m2m0_24galphotmstar.cat  /Users/perseus/Desktop/CFHTLenSmasks/W4m2m0_izrgu_finalmask_mosaic.fits 45 IRAC detir meds
python /Users/perseus/Dropbox/Davis_work/code/GOODCODE/weightinguniversal_overlap_sampling_nobeta_WFI2033rethought.py WFI2033 /Volumes/perseus_1/CFHTLens_galphotmstar/W4m2p1_24galphotmstar.cat  /Users/perseus/Desktop/CFHTLenSmasks/W4m2p1_izrgu_finalmask_mosaic.fits 45 IRAC detir meds
python /Users/perseus/Dropbox/Davis_work/code/GOODCODE/weightinguniversal_overlap_sampling_nobeta_WFI2033rethought.py WFI2033 /Volumes/perseus_1/CFHTLens_galphotmstar/W4m2p2_24galphotmstar.cat  /Users/perseus/Desktop/CFHTLenSmasks/W4m2p2_yzrgu_finalmask_mosaic.fits 45 IRAC detir meds
python /Users/perseus/Dropbox/Davis_work/code/GOODCODE/weightinguniversal_overlap_sampling_nobeta_WFI2033rethought.py WFI2033 /Volumes/perseus_1/CFHTLens_galphotmstar/W4m2p3_24galphotmstar.cat  /Users/perseus/Desktop/CFHTLenSmasks/W4m2p3_yzrgu_finalmask_mosaic.fits 45 IRAC detir meds
python /Users/perseus/Dropbox/Davis_work/code/GOODCODE/weightinguniversal_overlap_sampling_nobeta_WFI2033rethought.py WFI2033 /Volumes/perseus_1/CFHTLens_galphotmstar/W4m3m0_24galphotmstar.cat  /Users/perseus/Desktop/CFHTLenSmasks/W4m3m0_izrgu_finalmask_mosaic.fits 45 IRAC detir meds
python /Users/perseus/Dropbox/Davis_work/code/GOODCODE/weightinguniversal_overlap_sampling_nobeta_WFI2033rethought.py WFI2033 /Volumes/perseus_1/CFHTLens_galphotmstar/W4m3p1_24galphotmstar.cat  /Users/perseus/Desktop/CFHTLenSmasks/W4m3p1_izrgu_finalmask_mosaic.fits 45 IRAC detir meds
python /Users/perseus/Dropbox/Davis_work/code/GOODCODE/weightinguniversal_overlap_sampling_nobeta_WFI2033rethought.py WFI2033 /Volumes/perseus_1/CFHTLens_galphotmstar/W4m3p2_24galphotmstar.cat  /Users/perseus/Desktop/CFHTLenSmasks/W4m3p2_izrgu_finalmask_mosaic.fits 45 IRAC detir meds
python /Users/perseus/Dropbox/Davis_work/code/GOODCODE/weightinguniversal_overlap_sampling_nobeta_WFI2033rethought.py WFI2033 /Volumes/perseus_1/CFHTLens_galphotmstar/W4m3p3_24galphotmstar.cat  /Users/perseus/Desktop/CFHTLenSmasks/W4m3p3_yzrgu_finalmask_mosaic.fits 45 IRAC detir meds
python /Users/perseus/Dropbox/Davis_work/code/GOODCODE/weightinguniversal_overlap_sampling_nobeta_WFI2033rethought.py WFI2033 /Volumes/perseus_1/CFHTLens_galphotmstar/W4p1m0_24galphotmstar.cat  /Users/perseus/Desktop/CFHTLenSmasks/W4p1m0_izrgu_finalmask_mosaic.fits 45 IRAC detir meds
python /Users/perseus/Dropbox/Davis_work/code/GOODCODE/weightinguniversal_overlap_sampling_nobeta_WFI2033rethought.py WFI2033 /Volumes/perseus_1/CFHTLens_galphotmstar/W4p1m1_24galphotmstar.cat  /Users/perseus/Desktop/CFHTLenSmasks/W4p1m1_izrgu_finalmask_mosaic.fits 45 IRAC detir meds
python /Users/perseus/Dropbox/Davis_work/code/GOODCODE/weightinguniversal_overlap_sampling_nobeta_WFI2033rethought.py WFI2033 /Volumes/perseus_1/CFHTLens_galphotmstar/W4p1m2_24galphotmstar.cat  /Users/perseus/Desktop/CFHTLenSmasks/W4p1m2_izrgu_finalmask_mosaic.fits 45 IRAC detir meds
python /Users/perseus/Dropbox/Davis_work/code/GOODCODE/weightinguniversal_overlap_sampling_nobeta_WFI2033rethought.py WFI2033 /Volumes/perseus_1/CFHTLens_galphotmstar/W4p1p1_24galphotmstar.cat  /Users/perseus/Desktop/CFHTLenSmasks/W4p1p1_izrgu_finalmask_mosaic.fits 45 IRAC detir meds
python /Users/perseus/Dropbox/Davis_work/code/GOODCODE/weightinguniversal_overlap_sampling_nobeta_WFI2033rethought.py WFI2033 /Volumes/perseus_1/CFHTLens_galphotmstar/W4p2m0_24galphotmstar.cat  /Users/perseus/Desktop/CFHTLenSmasks/W4p2m0_izrgu_finalmask_mosaic.fits 45 IRAC detir meds
python /Users/perseus/Dropbox/Davis_work/code/GOODCODE/weightinguniversal_overlap_sampling_nobeta_WFI2033rethought.py WFI2033 /Volumes/perseus_1/CFHTLens_galphotmstar/W4p2m1_24galphotmstar.cat  /Users/perseus/Desktop/CFHTLenSmasks/W4p2m1_izrgu_finalmask_mosaic.fits 45 IRAC detir meds
python /Users/perseus/Dropbox/Davis_work/code/GOODCODE/weightinguniversal_overlap_sampling_nobeta_WFI2033rethought.py WFI2033 /Volumes/perseus_1/CFHTLens_galphotmstar/W4p2m2_24galphotmstar.cat  /Users/perseus/Desktop/CFHTLenSmasks/W4p2m2_izrgu_finalmask_mosaic.fits 45 IRAC detir meds

python /Users/perseus/Dropbox/Davis_work/code/GOODCODE/weightinguniversal_overlap_sampling_nobeta_WFI2033rethought.py WFI2033 /Volumes/perseus_1/CFHTLens_galphotmstar/W3p3m1_24galphotmstar.cat  /Users/perseus/Desktop/CFHTLenSmasks/W3p3m1_izrgu_finalmask_mosaic.fits 45 noIRAC detir meds
python /Users/perseus/Dropbox/Davis_work/code/GOODCODE/weightinguniversal_overlap_sampling_nobeta_WFI2033rethought.py WFI2033 /Volumes/perseus_1/CFHTLens_galphotmstar/W3p3m2_24galphotmstar.cat  /Users/perseus/Desktop/CFHTLenSmasks/W3p3m2_izrgu_finalmask_mosaic.fits 45 noIRAC detir meds
python /Users/perseus/Dropbox/Davis_work/code/GOODCODE/weightinguniversal_overlap_sampling_nobeta_WFI2033rethought.py WFI2033 /Volumes/perseus_1/CFHTLens_galphotmstar/W3p3m3_24galphotmstar.cat  /Users/perseus/Desktop/CFHTLenSmasks/W3p3m3_izrgu_finalmask_mosaic.fits 45 noIRAC detir meds
python /Users/perseus/Dropbox/Davis_work/code/GOODCODE/weightinguniversal_overlap_sampling_nobeta_WFI2033rethought.py WFI2033 /Volumes/perseus_1/CFHTLens_galphotmstar/W3p3p1_24galphotmstar.cat  /Users/perseus/Desktop/CFHTLenSmasks/W3p3p1_izrgu_finalmask_mosaic.fits 45 noIRAC detir meds
python /Users/perseus/Dropbox/Davis_work/code/GOODCODE/weightinguniversal_overlap_sampling_nobeta_WFI2033rethought.py WFI2033 /Volumes/perseus_1/CFHTLens_galphotmstar/W3p3p2_24galphotmstar.cat  /Users/perseus/Desktop/CFHTLenSmasks/W3p3p2_izrgu_finalmask_mosaic.fits 45 noIRAC detir meds
python /Users/perseus/Dropbox/Davis_work/code/GOODCODE/weightinguniversal_overlap_sampling_nobeta_WFI2033rethought.py WFI2033 /Volumes/perseus_1/CFHTLens_galphotmstar/W3p3p3_24galphotmstar.cat  /Users/perseus/Desktop/CFHTLenSmasks/W3p3p3_izrgu_finalmask_mosaic.fits 45 noIRAC detir meds
python /Users/perseus/Dropbox/Davis_work/code/GOODCODE/weightinguniversal_overlap_sampling_nobeta_WFI2033rethought.py WFI2033 /Volumes/perseus_1/CFHTLens_galphotmstar/W4m0m0_24galphotmstar.cat  /Users/perseus/Desktop/CFHTLenSmasks/W4m0m0_izrgu_finalmask_mosaic.fits 45 noIRAC detir meds
python /Users/perseus/Dropbox/Davis_work/code/GOODCODE/weightinguniversal_overlap_sampling_nobeta_WFI2033rethought.py WFI2033 /Volumes/perseus_1/CFHTLens_galphotmstar/W4m0m1_24galphotmstar.cat  /Users/perseus/Desktop/CFHTLenSmasks/W4m0m1_izrgu_finalmask_mosaic.fits 45 noIRAC detir meds
python /Users/perseus/Dropbox/Davis_work/code/GOODCODE/weightinguniversal_overlap_sampling_nobeta_WFI2033rethought.py WFI2033 /Volumes/perseus_1/CFHTLens_galphotmstar/W4m0m2_24galphotmstar.cat  /Users/perseus/Desktop/CFHTLenSmasks/W4m0m2_izrgu_finalmask_mosaic.fits 45 noIRAC detir meds
python /Users/perseus/Dropbox/Davis_work/code/GOODCODE/weightinguniversal_overlap_sampling_nobeta_WFI2033rethought.py WFI2033 /Volumes/perseus_1/CFHTLens_galphotmstar/W4m0p1_24galphotmstar.cat  /Users/perseus/Desktop/CFHTLenSmasks/W4m0p1_izrgu_finalmask_mosaic.fits 45 noIRAC detir meds
python /Users/perseus/Dropbox/Davis_work/code/GOODCODE/weightinguniversal_overlap_sampling_nobeta_WFI2033rethought.py WFI2033 /Volumes/perseus_1/CFHTLens_galphotmstar/W4m1m0_24galphotmstar.cat  /Users/perseus/Desktop/CFHTLenSmasks/W4m1m0_izrgu_finalmask_mosaic.fits 45 noIRAC detir meds
python /Users/perseus/Dropbox/Davis_work/code/GOODCODE/weightinguniversal_overlap_sampling_nobeta_WFI2033rethought.py WFI2033 /Volumes/perseus_1/CFHTLens_galphotmstar/W4m1m1_24galphotmstar.cat  /Users/perseus/Desktop/CFHTLenSmasks/W4m1m1_izrgu_finalmask_mosaic.fits 45 noIRAC detir meds
python /Users/perseus/Dropbox/Davis_work/code/GOODCODE/weightinguniversal_overlap_sampling_nobeta_WFI2033rethought.py WFI2033 /Volumes/perseus_1/CFHTLens_galphotmstar/W4m1m2_24galphotmstar.cat  /Users/perseus/Desktop/CFHTLenSmasks/W4m1m2_izrgu_finalmask_mosaic.fits 45 noIRAC detir meds
python /Users/perseus/Dropbox/Davis_work/code/GOODCODE/weightinguniversal_overlap_sampling_nobeta_WFI2033rethought.py WFI2033 /Volumes/perseus_1/CFHTLens_galphotmstar/W4m1p1_24galphotmstar.cat  /Users/perseus/Desktop/CFHTLenSmasks/W4m1p1_yzrgu_finalmask_mosaic.fits 45 noIRAC detir meds
python /Users/perseus/Dropbox/Davis_work/code/GOODCODE/weightinguniversal_overlap_sampling_nobeta_WFI2033rethought.py WFI2033 /Volumes/perseus_1/CFHTLens_galphotmstar/W4m1p2_24galphotmstar.cat  /Users/perseus/Desktop/CFHTLenSmasks/W4m1p2_yzrgu_finalmask_mosaic.fits 45 noIRAC detir meds
python /Users/perseus/Dropbox/Davis_work/code/GOODCODE/weightinguniversal_overlap_sampling_nobeta_WFI2033rethought.py WFI2033 /Volumes/perseus_1/CFHTLens_galphotmstar/W4m1p3_24galphotmstar.cat  /Users/perseus/Desktop/CFHTLenSmasks/W4m1p3_yzrgu_finalmask_mosaic.fits 45 noIRAC detir meds
python /Users/perseus/Dropbox/Davis_work/code/GOODCODE/weightinguniversal_overlap_sampling_nobeta_WFI2033rethought.py WFI2033 /Volumes/perseus_1/CFHTLens_galphotmstar/W4m2m0_24galphotmstar.cat  /Users/perseus/Desktop/CFHTLenSmasks/W4m2m0_izrgu_finalmask_mosaic.fits 45 noIRAC detir meds
python /Users/perseus/Dropbox/Davis_work/code/GOODCODE/weightinguniversal_overlap_sampling_nobeta_WFI2033rethought.py WFI2033 /Volumes/perseus_1/CFHTLens_galphotmstar/W4m2p1_24galphotmstar.cat  /Users/perseus/Desktop/CFHTLenSmasks/W4m2p1_izrgu_finalmask_mosaic.fits 45 noIRAC detir meds
python /Users/perseus/Dropbox/Davis_work/code/GOODCODE/weightinguniversal_overlap_sampling_nobeta_WFI2033rethought.py WFI2033 /Volumes/perseus_1/CFHTLens_galphotmstar/W4m2p2_24galphotmstar.cat  /Users/perseus/Desktop/CFHTLenSmasks/W4m2p2_yzrgu_finalmask_mosaic.fits 45 noIRAC detir meds
python /Users/perseus/Dropbox/Davis_work/code/GOODCODE/weightinguniversal_overlap_sampling_nobeta_WFI2033rethought.py WFI2033 /Volumes/perseus_1/CFHTLens_galphotmstar/W4m2p3_24galphotmstar.cat  /Users/perseus/Desktop/CFHTLenSmasks/W4m2p3_yzrgu_finalmask_mosaic.fits 45 noIRAC detir meds
python /Users/perseus/Dropbox/Davis_work/code/GOODCODE/weightinguniversal_overlap_sampling_nobeta_WFI2033rethought.py WFI2033 /Volumes/perseus_1/CFHTLens_galphotmstar/W4m3m0_24galphotmstar.cat  /Users/perseus/Desktop/CFHTLenSmasks/W4m3m0_izrgu_finalmask_mosaic.fits 45 noIRAC detir meds
python /Users/perseus/Dropbox/Davis_work/code/GOODCODE/weightinguniversal_overlap_sampling_nobeta_WFI2033rethought.py WFI2033 /Volumes/perseus_1/CFHTLens_galphotmstar/W4m3p1_24galphotmstar.cat  /Users/perseus/Desktop/CFHTLenSmasks/W4m3p1_izrgu_finalmask_mosaic.fits 45 noIRAC detir meds
python /Users/perseus/Dropbox/Davis_work/code/GOODCODE/weightinguniversal_overlap_sampling_nobeta_WFI2033rethought.py WFI2033 /Volumes/perseus_1/CFHTLens_galphotmstar/W4m3p2_24galphotmstar.cat  /Users/perseus/Desktop/CFHTLenSmasks/W4m3p2_izrgu_finalmask_mosaic.fits 45 noIRAC detir meds
python /Users/perseus/Dropbox/Davis_work/code/GOODCODE/weightinguniversal_overlap_sampling_nobeta_WFI2033rethought.py WFI2033 /Volumes/perseus_1/CFHTLens_galphotmstar/W4m3p3_24galphotmstar.cat  /Users/perseus/Desktop/CFHTLenSmasks/W4m3p3_yzrgu_finalmask_mosaic.fits 45 noIRAC detir meds
python /Users/perseus/Dropbox/Davis_work/code/GOODCODE/weightinguniversal_overlap_sampling_nobeta_WFI2033rethought.py WFI2033 /Volumes/perseus_1/CFHTLens_galphotmstar/W4p1m0_24galphotmstar.cat  /Users/perseus/Desktop/CFHTLenSmasks/W4p1m0_izrgu_finalmask_mosaic.fits 45 noIRAC detir meds
python /Users/perseus/Dropbox/Davis_work/code/GOODCODE/weightinguniversal_overlap_sampling_nobeta_WFI2033rethought.py WFI2033 /Volumes/perseus_1/CFHTLens_galphotmstar/W4p1m1_24galphotmstar.cat  /Users/perseus/Desktop/CFHTLenSmasks/W4p1m1_izrgu_finalmask_mosaic.fits 45 noIRAC detir meds
python /Users/perseus/Dropbox/Davis_work/code/GOODCODE/weightinguniversal_overlap_sampling_nobeta_WFI2033rethought.py WFI2033 /Volumes/perseus_1/CFHTLens_galphotmstar/W4p1m2_24galphotmstar.cat  /Users/perseus/Desktop/CFHTLenSmasks/W4p1m2_izrgu_finalmask_mosaic.fits 45 noIRAC detir meds
python /Users/perseus/Dropbox/Davis_work/code/GOODCODE/weightinguniversal_overlap_sampling_nobeta_WFI2033rethought.py WFI2033 /Volumes/perseus_1/CFHTLens_galphotmstar/W4p1p1_24galphotmstar.cat  /Users/perseus/Desktop/CFHTLenSmasks/W4p1p1_izrgu_finalmask_mosaic.fits 45 noIRAC detir meds
python /Users/perseus/Dropbox/Davis_work/code/GOODCODE/weightinguniversal_overlap_sampling_nobeta_WFI2033rethought.py WFI2033 /Volumes/perseus_1/CFHTLens_galphotmstar/W4p2m0_24galphotmstar.cat  /Users/perseus/Desktop/CFHTLenSmasks/W4p2m0_izrgu_finalmask_mosaic.fits 45 noIRAC detir meds
python /Users/perseus/Dropbox/Davis_work/code/GOODCODE/weightinguniversal_overlap_sampling_nobeta_WFI2033rethought.py WFI2033 /Volumes/perseus_1/CFHTLens_galphotmstar/W4p2m1_24galphotmstar.cat  /Users/perseus/Desktop/CFHTLenSmasks/W4p2m1_izrgu_finalmask_mosaic.fits 45 noIRAC detir meds
python /Users/perseus/Dropbox/Davis_work/code/GOODCODE/weightinguniversal_overlap_sampling_nobeta_WFI2033rethought.py WFI2033 /Volumes/perseus_1/CFHTLens_galphotmstar/W4p2m2_24galphotmstar.cat  /Users/perseus/Desktop/CFHTLenSmasks/W4p2m2_izrgu_finalmask_mosaic.fits 45 noIRAC detir meds
