
python /Users/cerusu/GITHUB/zMstarPDF/python/catalogue_utilities/weightinguniversal_overlap_sampling_nobeta.py J1206 /Volumes/LaCieDavis/CFHTcatalogues/W1p3m0_24galphotmstar.cat /Volumes/LaCieDavis/CFHTLenSmasks/W1p3m0_izrgu_finalmask_mosaic.fits /Users/cerusu/Dropbox/Davis_work/code /Volumes/LaCieSubaru/weightedcounts/J1206 45 5 noIRAC iconv meds no -1 -1
python /Users/cerusu/GITHUB/zMstarPDF/python/catalogue_utilities/weightinguniversal_overlap_sampling_nobeta.py J1206 /Volumes/LaCieDavis/CFHTcatalogues/W1p3m1_24galphotmstar.cat /Volumes/LaCieDavis/CFHTLenSmasks/W1p3m1_izrgu_finalmask_mosaic.fits /Users/cerusu/Dropbox/Davis_work/code /Volumes/LaCieSubaru/weightedcounts/J1206 45 5 noIRAC iconv meds no -1 -1
python /Users/cerusu/GITHUB/zMstarPDF/python/catalogue_utilities/weightinguniversal_overlap_sampling_nobeta.py J1206 /Volumes/LaCieDavis/CFHTcatalogues/W1p3m2_24galphotmstar.cat /Volumes/LaCieDavis/CFHTLenSmasks/W1p3m2_izrgu_finalmask_mosaic.fits /Users/cerusu/Dropbox/Davis_work/code /Volumes/LaCieSubaru/weightedcounts/J1206 45 5 noIRAC iconv meds no -1 -1
python /Users/cerusu/GITHUB/zMstarPDF/python/catalogue_utilities/weightinguniversal_overlap_sampling_nobeta.py J1206 /Volumes/LaCieDavis/CFHTcatalogues/W1p3m3_24galphotmstar.cat /Volumes/LaCieDavis/CFHTLenSmasks/W1p3m3_izrgu_finalmask_mosaic.fits /Users/cerusu/Dropbox/Davis_work/code /Volumes/LaCieSubaru/weightedcounts/J1206 45 5 noIRAC iconv meds no -1 -1
python /Users/cerusu/GITHUB/zMstarPDF/python/catalogue_utilities/weightinguniversal_overlap_sampling_nobeta.py J1206 /Volumes/LaCieDavis/CFHTcatalogues/W1p3m4_24galphotmstar.cat /Volumes/LaCieDavis/CFHTLenSmasks/W1p3m4_yzrgu_finalmask_mosaic.fits /Users/cerusu/Dropbox/Davis_work/code /Volumes/LaCieSubaru/weightedcounts/J1206 45 5 noIRAC iconv meds no -1 -1
python /Users/cerusu/GITHUB/zMstarPDF/python/catalogue_utilities/weightinguniversal_overlap_sampling_nobeta.py J1206 /Volumes/LaCieDavis/CFHTcatalogues/W1p3p1_24galphotmstar.cat /Volumes/LaCieDavis/CFHTLenSmasks/W1p3p1_yzrgu_finalmask_mosaic.fits /Users/cerusu/Dropbox/Davis_work/code /Volumes/LaCieSubaru/weightedcounts/J1206 45 5 noIRAC iconv meds no -1 -1
python /Users/cerusu/GITHUB/zMstarPDF/python/catalogue_utilities/weightinguniversal_overlap_sampling_nobeta.py J1206 /Volumes/LaCieDavis/CFHTcatalogues/W1p3p2_24galphotmstar.cat /Volumes/LaCieDavis/CFHTLenSmasks/W1p3p2_izrgu_finalmask_mosaic.fits /Users/cerusu/Dropbox/Davis_work/code /Volumes/LaCieSubaru/weightedcounts/J1206 45 5 noIRAC iconv meds no -1 -1
python /Users/cerusu/GITHUB/zMstarPDF/python/catalogue_utilities/weightinguniversal_overlap_sampling_nobeta.py J1206 /Volumes/LaCieDavis/CFHTcatalogues/W1p3p3_24galphotmstar.cat /Volumes/LaCieDavis/CFHTLenSmasks/W1p3p3_izrgu_finalmask_mosaic.fits /Users/cerusu/Dropbox/Davis_work/code /Volumes/LaCieSubaru/weightedcounts/J1206 45 5 noIRAC iconv meds no -1 -1
python /Users/cerusu/GITHUB/zMstarPDF/python/catalogue_utilities/weightinguniversal_overlap_sampling_nobeta.py J1206 /Volumes/LaCieDavis/CFHTcatalogues/W1p4m0_24galphotmstar.cat /Volumes/LaCieDavis/CFHTLenSmasks/W1p4m0_izrgu_finalmask_mosaic.fits /Users/cerusu/Dropbox/Davis_work/code /Volumes/LaCieSubaru/weightedcounts/J1206 45 5 noIRAC iconv meds no -1 -1
python /Users/cerusu/GITHUB/zMstarPDF/python/catalogue_utilities/weightinguniversal_overlap_sampling_nobeta.py J1206 /Volumes/LaCieDavis/CFHTcatalogues/W1p4m1_24galphotmstar.cat /Volumes/LaCieDavis/CFHTLenSmasks/W1p4m1_izrgu_finalmask_mosaic.fits /Users/cerusu/Dropbox/Davis_work/code /Volumes/LaCieSubaru/weightedcounts/J1206 45 5 noIRAC iconv meds no -1 -1
python /Users/cerusu/GITHUB/zMstarPDF/python/catalogue_utilities/weightinguniversal_overlap_sampling_nobeta.py J1206 /Volumes/LaCieDavis/CFHTcatalogues/W1p4m2_24galphotmstar.cat /Volumes/LaCieDavis/CFHTLenSmasks/W1p4m2_izrgu_finalmask_mosaic.fits /Users/cerusu/Dropbox/Davis_work/code /Volumes/LaCieSubaru/weightedcounts/J1206 45 5 noIRAC iconv meds no -1 -1
python /Users/cerusu/GITHUB/zMstarPDF/python/catalogue_utilities/weightinguniversal_overlap_sampling_nobeta.py J1206 /Volumes/LaCieDavis/CFHTcatalogues/W1p4m3_24galphotmstar.cat /Volumes/LaCieDavis/CFHTLenSmasks/W1p4m3_izrgu_finalmask_mosaic.fits /Users/cerusu/Dropbox/Davis_work/code /Volumes/LaCieSubaru/weightedcounts/J1206 45 5 noIRAC iconv meds no -1 -1
python /Users/cerusu/GITHUB/zMstarPDF/python/catalogue_utilities/weightinguniversal_overlap_sampling_nobeta.py J1206 /Volumes/LaCieDavis/CFHTcatalogues/W1p4m4_24galphotmstar.cat /Volumes/LaCieDavis/CFHTLenSmasks/W1p4m4_yzrgu_finalmask_mosaic.fits /Users/cerusu/Dropbox/Davis_work/code /Volumes/LaCieSubaru/weightedcounts/J1206 45 5 noIRAC iconv meds no -1 -1
python /Users/cerusu/GITHUB/zMstarPDF/python/catalogue_utilities/weightinguniversal_overlap_sampling_nobeta.py J1206 /Volumes/LaCieDavis/CFHTcatalogues/W1p4p1_24galphotmstar.cat /Volumes/LaCieDavis/CFHTLenSmasks/W1p4p1_izrgu_finalmask_mosaic.fits /Users/cerusu/Dropbox/Davis_work/code /Volumes/LaCieSubaru/weightedcounts/J1206 45 5 noIRAC iconv meds no -1 -1
python /Users/cerusu/GITHUB/zMstarPDF/python/catalogue_utilities/weightinguniversal_overlap_sampling_nobeta.py J1206 /Volumes/LaCieDavis/CFHTcatalogues/W1p4p2_24galphotmstar.cat /Volumes/LaCieDavis/CFHTLenSmasks/W1p4p2_izrgu_finalmask_mosaic.fits /Users/cerusu/Dropbox/Davis_work/code /Volumes/LaCieSubaru/weightedcounts/J1206 45 5 noIRAC iconv meds no -1 -1
python /Users/cerusu/GITHUB/zMstarPDF/python/catalogue_utilities/weightinguniversal_overlap_sampling_nobeta.py J1206 /Volumes/LaCieDavis/CFHTcatalogues/W1p4p3_24galphotmstar.cat /Volumes/LaCieDavis/CFHTLenSmasks/W1p4p3_izrgu_finalmask_mosaic.fits /Users/cerusu/Dropbox/Davis_work/code /Volumes/LaCieSubaru/weightedcounts/J1206 45 5 noIRAC iconv meds no -1 -1
python /Users/cerusu/GITHUB/zMstarPDF/python/catalogue_utilities/weightinguniversal_overlap_sampling_nobeta.py J1206 /Volumes/LaCieDavis/CFHTcatalogues/W2m0m0_24galphotmstar.cat /Volumes/LaCieDavis/CFHTLenSmasks/W2m0m0_izrgu_finalmask_mosaic.fits /Users/cerusu/Dropbox/Davis_work/code /Volumes/LaCieSubaru/weightedcounts/J1206 45 5 noIRAC iconv meds no -1 -1
python /Users/cerusu/GITHUB/zMstarPDF/python/catalogue_utilities/weightinguniversal_overlap_sampling_nobeta.py J1206 /Volumes/LaCieDavis/CFHTcatalogues/W2m0m1_24galphotmstar.cat /Volumes/LaCieDavis/CFHTLenSmasks/W2m0m1_izrgu_finalmask_mosaic.fits /Users/cerusu/Dropbox/Davis_work/code /Volumes/LaCieSubaru/weightedcounts/J1206 45 5 noIRAC iconv meds no -1 -1
python /Users/cerusu/GITHUB/zMstarPDF/python/catalogue_utilities/weightinguniversal_overlap_sampling_nobeta.py J1206 /Volumes/LaCieDavis/CFHTcatalogues/W2m0p1_24galphotmstar.cat /Volumes/LaCieDavis/CFHTLenSmasks/W2m0p1_izrgu_finalmask_mosaic.fits /Users/cerusu/Dropbox/Davis_work/code /Volumes/LaCieSubaru/weightedcounts/J1206 45 5 noIRAC iconv meds no -1 -1
python /Users/cerusu/GITHUB/zMstarPDF/python/catalogue_utilities/weightinguniversal_overlap_sampling_nobeta.py J1206 /Volumes/LaCieDavis/CFHTcatalogues/W2m0p2_24galphotmstar.cat /Volumes/LaCieDavis/CFHTLenSmasks/W2m0p2_izrgu_finalmask_mosaic.fits /Users/cerusu/Dropbox/Davis_work/code /Volumes/LaCieSubaru/weightedcounts/J1206 45 5 noIRAC iconv meds no -1 -1
python /Users/cerusu/GITHUB/zMstarPDF/python/catalogue_utilities/weightinguniversal_overlap_sampling_nobeta.py J1206 /Volumes/LaCieDavis/CFHTcatalogues/W2m0p3_24galphotmstar.cat /Volumes/LaCieDavis/CFHTLenSmasks/W2m0p3_izrgu_finalmask_mosaic.fits /Users/cerusu/Dropbox/Davis_work/code /Volumes/LaCieSubaru/weightedcounts/J1206 45 5 noIRAC iconv meds no -1 -1
python /Users/cerusu/GITHUB/zMstarPDF/python/catalogue_utilities/weightinguniversal_overlap_sampling_nobeta.py J1206 /Volumes/LaCieDavis/CFHTcatalogues/W2m1m0_24galphotmstar.cat /Volumes/LaCieDavis/CFHTLenSmasks/W2m1m0_izrgu_finalmask_mosaic.fits /Users/cerusu/Dropbox/Davis_work/code /Volumes/LaCieSubaru/weightedcounts/J1206 45 5 noIRAC iconv meds no -1 -1
python /Users/cerusu/GITHUB/zMstarPDF/python/catalogue_utilities/weightinguniversal_overlap_sampling_nobeta.py J1206 /Volumes/LaCieDavis/CFHTcatalogues/W2m1m1_24galphotmstar.cat /Volumes/LaCieDavis/CFHTLenSmasks/W2m1m1_izrgu_finalmask_mosaic.fits /Users/cerusu/Dropbox/Davis_work/code /Volumes/LaCieSubaru/weightedcounts/J1206 45 5 noIRAC iconv meds no -1 -1
python /Users/cerusu/GITHUB/zMstarPDF/python/catalogue_utilities/weightinguniversal_overlap_sampling_nobeta.py J1206 /Volumes/LaCieDavis/CFHTcatalogues/W2m1p1_24galphotmstar.cat /Volumes/LaCieDavis/CFHTLenSmasks/W2m1p1_izrgu_finalmask_mosaic.fits /Users/cerusu/Dropbox/Davis_work/code /Volumes/LaCieSubaru/weightedcounts/J1206 45 5 noIRAC iconv meds no -1 -1
python /Users/cerusu/GITHUB/zMstarPDF/python/catalogue_utilities/weightinguniversal_overlap_sampling_nobeta.py J1206 /Volumes/LaCieDavis/CFHTcatalogues/W2m1p2_24galphotmstar.cat /Volumes/LaCieDavis/CFHTLenSmasks/W2m1p2_izrgu_finalmask_mosaic.fits /Users/cerusu/Dropbox/Davis_work/code /Volumes/LaCieSubaru/weightedcounts/J1206 45 5 noIRAC iconv meds no -1 -1
python /Users/cerusu/GITHUB/zMstarPDF/python/catalogue_utilities/weightinguniversal_overlap_sampling_nobeta.py J1206 /Volumes/LaCieDavis/CFHTcatalogues/W2m1p3_24galphotmstar.cat /Volumes/LaCieDavis/CFHTLenSmasks/W2m1p3_izrgu_finalmask_mosaic.fits /Users/cerusu/Dropbox/Davis_work/code /Volumes/LaCieSubaru/weightedcounts/J1206 45 5 noIRAC iconv meds no -1 -1
python /Users/cerusu/GITHUB/zMstarPDF/python/catalogue_utilities/weightinguniversal_overlap_sampling_nobeta.py J1206 /Volumes/LaCieDavis/CFHTcatalogues/W2p1m0_24galphotmstar.cat /Volumes/LaCieDavis/CFHTLenSmasks/W2p1m0_izrgu_finalmask_mosaic.fits /Users/cerusu/Dropbox/Davis_work/code /Volumes/LaCieSubaru/weightedcounts/J1206 45 5 noIRAC iconv meds no -1 -1
python /Users/cerusu/GITHUB/zMstarPDF/python/catalogue_utilities/weightinguniversal_overlap_sampling_nobeta.py J1206 /Volumes/LaCieDavis/CFHTcatalogues/W2p1m1_24galphotmstar.cat /Volumes/LaCieDavis/CFHTLenSmasks/W2p1m1_izrgu_finalmask_mosaic.fits /Users/cerusu/Dropbox/Davis_work/code /Volumes/LaCieSubaru/weightedcounts/J1206 45 5 noIRAC iconv meds no -1 -1

python /Users/cerusu/GITHUB/zMstarPDF/python/catalogue_utilities/weightinguniversal_overlap_sampling_nobeta.py J1206 /Volumes/LaCieDavis/CFHTcatalogues/W1p3m0_24galphotmstar.cat /Volumes/LaCieDavis/CFHTLenSmasks/W1p3m0_izrgu_finalmask_mosaic.fits /Users/cerusu/Dropbox/Davis_work/code /Volumes/LaCieSubaru/weightedcounts/J1206 120 5 noIRAC iconv meds no -1 -1
python /Users/cerusu/GITHUB/zMstarPDF/python/catalogue_utilities/weightinguniversal_overlap_sampling_nobeta.py J1206 /Volumes/LaCieDavis/CFHTcatalogues/W1p3m1_24galphotmstar.cat /Volumes/LaCieDavis/CFHTLenSmasks/W1p3m1_izrgu_finalmask_mosaic.fits /Users/cerusu/Dropbox/Davis_work/code /Volumes/LaCieSubaru/weightedcounts/J1206 120 5 noIRAC iconv meds no -1 -1
python /Users/cerusu/GITHUB/zMstarPDF/python/catalogue_utilities/weightinguniversal_overlap_sampling_nobeta.py J1206 /Volumes/LaCieDavis/CFHTcatalogues/W1p3m2_24galphotmstar.cat /Volumes/LaCieDavis/CFHTLenSmasks/W1p3m2_izrgu_finalmask_mosaic.fits /Users/cerusu/Dropbox/Davis_work/code /Volumes/LaCieSubaru/weightedcounts/J1206 120 5 noIRAC iconv meds no -1 -1
python /Users/cerusu/GITHUB/zMstarPDF/python/catalogue_utilities/weightinguniversal_overlap_sampling_nobeta.py J1206 /Volumes/LaCieDavis/CFHTcatalogues/W1p3m3_24galphotmstar.cat /Volumes/LaCieDavis/CFHTLenSmasks/W1p3m3_izrgu_finalmask_mosaic.fits /Users/cerusu/Dropbox/Davis_work/code /Volumes/LaCieSubaru/weightedcounts/J1206 120 5 noIRAC iconv meds no -1 -1
python /Users/cerusu/GITHUB/zMstarPDF/python/catalogue_utilities/weightinguniversal_overlap_sampling_nobeta.py J1206 /Volumes/LaCieDavis/CFHTcatalogues/W1p3m4_24galphotmstar.cat /Volumes/LaCieDavis/CFHTLenSmasks/W1p3m4_yzrgu_finalmask_mosaic.fits /Users/cerusu/Dropbox/Davis_work/code /Volumes/LaCieSubaru/weightedcounts/J1206 120 5 noIRAC iconv meds no -1 -1
python /Users/cerusu/GITHUB/zMstarPDF/python/catalogue_utilities/weightinguniversal_overlap_sampling_nobeta.py J1206 /Volumes/LaCieDavis/CFHTcatalogues/W1p3p1_24galphotmstar.cat /Volumes/LaCieDavis/CFHTLenSmasks/W1p3p1_yzrgu_finalmask_mosaic.fits /Users/cerusu/Dropbox/Davis_work/code /Volumes/LaCieSubaru/weightedcounts/J1206 120 5 noIRAC iconv meds no -1 -1
python /Users/cerusu/GITHUB/zMstarPDF/python/catalogue_utilities/weightinguniversal_overlap_sampling_nobeta.py J1206 /Volumes/LaCieDavis/CFHTcatalogues/W1p3p2_24galphotmstar.cat /Volumes/LaCieDavis/CFHTLenSmasks/W1p3p2_izrgu_finalmask_mosaic.fits /Users/cerusu/Dropbox/Davis_work/code /Volumes/LaCieSubaru/weightedcounts/J1206 120 5 noIRAC iconv meds no -1 -1
python /Users/cerusu/GITHUB/zMstarPDF/python/catalogue_utilities/weightinguniversal_overlap_sampling_nobeta.py J1206 /Volumes/LaCieDavis/CFHTcatalogues/W1p3p3_24galphotmstar.cat /Volumes/LaCieDavis/CFHTLenSmasks/W1p3p3_izrgu_finalmask_mosaic.fits /Users/cerusu/Dropbox/Davis_work/code /Volumes/LaCieSubaru/weightedcounts/J1206 120 5 noIRAC iconv meds no -1 -1
python /Users/cerusu/GITHUB/zMstarPDF/python/catalogue_utilities/weightinguniversal_overlap_sampling_nobeta.py J1206 /Volumes/LaCieDavis/CFHTcatalogues/W1p4m0_24galphotmstar.cat /Volumes/LaCieDavis/CFHTLenSmasks/W1p4m0_izrgu_finalmask_mosaic.fits /Users/cerusu/Dropbox/Davis_work/code /Volumes/LaCieSubaru/weightedcounts/J1206 120 5 noIRAC iconv meds no -1 -1
python /Users/cerusu/GITHUB/zMstarPDF/python/catalogue_utilities/weightinguniversal_overlap_sampling_nobeta.py J1206 /Volumes/LaCieDavis/CFHTcatalogues/W1p4m1_24galphotmstar.cat /Volumes/LaCieDavis/CFHTLenSmasks/W1p4m1_izrgu_finalmask_mosaic.fits /Users/cerusu/Dropbox/Davis_work/code /Volumes/LaCieSubaru/weightedcounts/J1206 120 5 noIRAC iconv meds no -1 -1
python /Users/cerusu/GITHUB/zMstarPDF/python/catalogue_utilities/weightinguniversal_overlap_sampling_nobeta.py J1206 /Volumes/LaCieDavis/CFHTcatalogues/W1p4m2_24galphotmstar.cat /Volumes/LaCieDavis/CFHTLenSmasks/W1p4m2_izrgu_finalmask_mosaic.fits /Users/cerusu/Dropbox/Davis_work/code /Volumes/LaCieSubaru/weightedcounts/J1206 120 5 noIRAC iconv meds no -1 -1
python /Users/cerusu/GITHUB/zMstarPDF/python/catalogue_utilities/weightinguniversal_overlap_sampling_nobeta.py J1206 /Volumes/LaCieDavis/CFHTcatalogues/W1p4m3_24galphotmstar.cat /Volumes/LaCieDavis/CFHTLenSmasks/W1p4m3_izrgu_finalmask_mosaic.fits /Users/cerusu/Dropbox/Davis_work/code /Volumes/LaCieSubaru/weightedcounts/J1206 120 5 noIRAC iconv meds no -1 -1
python /Users/cerusu/GITHUB/zMstarPDF/python/catalogue_utilities/weightinguniversal_overlap_sampling_nobeta.py J1206 /Volumes/LaCieDavis/CFHTcatalogues/W1p4m4_24galphotmstar.cat /Volumes/LaCieDavis/CFHTLenSmasks/W1p4m4_yzrgu_finalmask_mosaic.fits /Users/cerusu/Dropbox/Davis_work/code /Volumes/LaCieSubaru/weightedcounts/J1206 120 5 noIRAC iconv meds no -1 -1
python /Users/cerusu/GITHUB/zMstarPDF/python/catalogue_utilities/weightinguniversal_overlap_sampling_nobeta.py J1206 /Volumes/LaCieDavis/CFHTcatalogues/W1p4p1_24galphotmstar.cat /Volumes/LaCieDavis/CFHTLenSmasks/W1p4p1_izrgu_finalmask_mosaic.fits /Users/cerusu/Dropbox/Davis_work/code /Volumes/LaCieSubaru/weightedcounts/J1206 120 5 noIRAC iconv meds no -1 -1
python /Users/cerusu/GITHUB/zMstarPDF/python/catalogue_utilities/weightinguniversal_overlap_sampling_nobeta.py J1206 /Volumes/LaCieDavis/CFHTcatalogues/W1p4p2_24galphotmstar.cat /Volumes/LaCieDavis/CFHTLenSmasks/W1p4p2_izrgu_finalmask_mosaic.fits /Users/cerusu/Dropbox/Davis_work/code /Volumes/LaCieSubaru/weightedcounts/J1206 120 5 noIRAC iconv meds no -1 -1
python /Users/cerusu/GITHUB/zMstarPDF/python/catalogue_utilities/weightinguniversal_overlap_sampling_nobeta.py J1206 /Volumes/LaCieDavis/CFHTcatalogues/W1p4p3_24galphotmstar.cat /Volumes/LaCieDavis/CFHTLenSmasks/W1p4p3_izrgu_finalmask_mosaic.fits /Users/cerusu/Dropbox/Davis_work/code /Volumes/LaCieSubaru/weightedcounts/J1206 120 5 noIRAC iconv meds no -1 -1
python /Users/cerusu/GITHUB/zMstarPDF/python/catalogue_utilities/weightinguniversal_overlap_sampling_nobeta.py J1206 /Volumes/LaCieDavis/CFHTcatalogues/W2m0m0_24galphotmstar.cat /Volumes/LaCieDavis/CFHTLenSmasks/W2m0m0_izrgu_finalmask_mosaic.fits /Users/cerusu/Dropbox/Davis_work/code /Volumes/LaCieSubaru/weightedcounts/J1206 120 5 noIRAC iconv meds no -1 -1
python /Users/cerusu/GITHUB/zMstarPDF/python/catalogue_utilities/weightinguniversal_overlap_sampling_nobeta.py J1206 /Volumes/LaCieDavis/CFHTcatalogues/W2m0m1_24galphotmstar.cat /Volumes/LaCieDavis/CFHTLenSmasks/W2m0m1_izrgu_finalmask_mosaic.fits /Users/cerusu/Dropbox/Davis_work/code /Volumes/LaCieSubaru/weightedcounts/J1206 120 5 noIRAC iconv meds no -1 -1
python /Users/cerusu/GITHUB/zMstarPDF/python/catalogue_utilities/weightinguniversal_overlap_sampling_nobeta.py J1206 /Volumes/LaCieDavis/CFHTcatalogues/W2m0p1_24galphotmstar.cat /Volumes/LaCieDavis/CFHTLenSmasks/W2m0p1_izrgu_finalmask_mosaic.fits /Users/cerusu/Dropbox/Davis_work/code /Volumes/LaCieSubaru/weightedcounts/J1206 120 5 noIRAC iconv meds no -1 -1
python /Users/cerusu/GITHUB/zMstarPDF/python/catalogue_utilities/weightinguniversal_overlap_sampling_nobeta.py J1206 /Volumes/LaCieDavis/CFHTcatalogues/W2m0p2_24galphotmstar.cat /Volumes/LaCieDavis/CFHTLenSmasks/W2m0p2_izrgu_finalmask_mosaic.fits /Users/cerusu/Dropbox/Davis_work/code /Volumes/LaCieSubaru/weightedcounts/J1206 120 5 noIRAC iconv meds no -1 -1
python /Users/cerusu/GITHUB/zMstarPDF/python/catalogue_utilities/weightinguniversal_overlap_sampling_nobeta.py J1206 /Volumes/LaCieDavis/CFHTcatalogues/W2m0p3_24galphotmstar.cat /Volumes/LaCieDavis/CFHTLenSmasks/W2m0p3_izrgu_finalmask_mosaic.fits /Users/cerusu/Dropbox/Davis_work/code /Volumes/LaCieSubaru/weightedcounts/J1206 120 5 noIRAC iconv meds no -1 -1
python /Users/cerusu/GITHUB/zMstarPDF/python/catalogue_utilities/weightinguniversal_overlap_sampling_nobeta.py J1206 /Volumes/LaCieDavis/CFHTcatalogues/W2m1m0_24galphotmstar.cat /Volumes/LaCieDavis/CFHTLenSmasks/W2m1m0_izrgu_finalmask_mosaic.fits /Users/cerusu/Dropbox/Davis_work/code /Volumes/LaCieSubaru/weightedcounts/J1206 120 5 noIRAC iconv meds no -1 -1
python /Users/cerusu/GITHUB/zMstarPDF/python/catalogue_utilities/weightinguniversal_overlap_sampling_nobeta.py J1206 /Volumes/LaCieDavis/CFHTcatalogues/W2m1m1_24galphotmstar.cat /Volumes/LaCieDavis/CFHTLenSmasks/W2m1m1_izrgu_finalmask_mosaic.fits /Users/cerusu/Dropbox/Davis_work/code /Volumes/LaCieSubaru/weightedcounts/J1206 120 5 noIRAC iconv meds no -1 -1
python /Users/cerusu/GITHUB/zMstarPDF/python/catalogue_utilities/weightinguniversal_overlap_sampling_nobeta.py J1206 /Volumes/LaCieDavis/CFHTcatalogues/W2m1p1_24galphotmstar.cat /Volumes/LaCieDavis/CFHTLenSmasks/W2m1p1_izrgu_finalmask_mosaic.fits /Users/cerusu/Dropbox/Davis_work/code /Volumes/LaCieSubaru/weightedcounts/J1206 120 5 noIRAC iconv meds no -1 -1
python /Users/cerusu/GITHUB/zMstarPDF/python/catalogue_utilities/weightinguniversal_overlap_sampling_nobeta.py J1206 /Volumes/LaCieDavis/CFHTcatalogues/W2m1p2_24galphotmstar.cat /Volumes/LaCieDavis/CFHTLenSmasks/W2m1p2_izrgu_finalmask_mosaic.fits /Users/cerusu/Dropbox/Davis_work/code /Volumes/LaCieSubaru/weightedcounts/J1206 120 5 noIRAC iconv meds no -1 -1
python /Users/cerusu/GITHUB/zMstarPDF/python/catalogue_utilities/weightinguniversal_overlap_sampling_nobeta.py J1206 /Volumes/LaCieDavis/CFHTcatalogues/W2m1p3_24galphotmstar.cat /Volumes/LaCieDavis/CFHTLenSmasks/W2m1p3_izrgu_finalmask_mosaic.fits /Users/cerusu/Dropbox/Davis_work/code /Volumes/LaCieSubaru/weightedcounts/J1206 120 5 noIRAC iconv meds no -1 -1
python /Users/cerusu/GITHUB/zMstarPDF/python/catalogue_utilities/weightinguniversal_overlap_sampling_nobeta.py J1206 /Volumes/LaCieDavis/CFHTcatalogues/W2p1m0_24galphotmstar.cat /Volumes/LaCieDavis/CFHTLenSmasks/W2p1m0_izrgu_finalmask_mosaic.fits /Users/cerusu/Dropbox/Davis_work/code /Volumes/LaCieSubaru/weightedcounts/J1206 120 5 noIRAC iconv meds no -1 -1
python /Users/cerusu/GITHUB/zMstarPDF/python/catalogue_utilities/weightinguniversal_overlap_sampling_nobeta.py J1206 /Volumes/LaCieDavis/CFHTcatalogues/W2p1m1_24galphotmstar.cat /Volumes/LaCieDavis/CFHTLenSmasks/W2p1m1_izrgu_finalmask_mosaic.fits /Users/cerusu/Dropbox/Davis_work/code /Volumes/LaCieSubaru/weightedcounts/J1206 120 5 noIRAC iconv meds no -1 -1

