
python /Users/cerusu/GITHUB/zMstarPDF/python/catalogue_utilities/weightinguniversal_overlap_sampling_nobetasingleband.py PG1115 /Volumes/LaCieDavis/CFHTcatalogues/W3m2m1_r24galphot.fits /Volumes/LaCieDavis/CFHTLenSmasks/W3m2m1_yzrgu_finalmask_mosaic.fits /Users/cerusu/Dropbox/Davis_work/code /Volumes/LaCieSubaru/weightedcounts/PG1115 120 5 meds removegrouphandpicked
python /Users/cerusu/GITHUB/zMstarPDF/python/catalogue_utilities/weightinguniversal_overlap_sampling_nobetasingleband.py PG1115 /Volumes/LaCieDavis/CFHTcatalogues/W3m2m2_r24galphot.fits /Volumes/LaCieDavis/CFHTLenSmasks/W3m2m2_izrgu_finalmask_mosaic.fits /Users/cerusu/Dropbox/Davis_work/code /Volumes/LaCieSubaru/weightedcounts/PG1115 120 5 meds removegrouphandpicked
python /Users/cerusu/GITHUB/zMstarPDF/python/catalogue_utilities/weightinguniversal_overlap_sampling_nobetasingleband.py PG1115 /Volumes/LaCieDavis/CFHTcatalogues/W3m2m3_r24galphot.fits /Volumes/LaCieDavis/CFHTLenSmasks/W3m2m3_izrgu_finalmask_mosaic.fits /Users/cerusu/Dropbox/Davis_work/code /Volumes/LaCieSubaru/weightedcounts/PG1115 120 5 meds removegrouphandpicked
python /Users/cerusu/GITHUB/zMstarPDF/python/catalogue_utilities/weightinguniversal_overlap_sampling_nobetasingleband.py PG1115 /Volumes/LaCieDavis/CFHTcatalogues/W3m2p1_r24galphot.fits /Volumes/LaCieDavis/CFHTLenSmasks/W3m2p1_yzrgu_finalmask_mosaic.fits /Users/cerusu/Dropbox/Davis_work/code /Volumes/LaCieSubaru/weightedcounts/PG1115 120 5 meds removegrouphandpicked
python /Users/cerusu/GITHUB/zMstarPDF/python/catalogue_utilities/weightinguniversal_overlap_sampling_nobetasingleband.py PG1115 /Volumes/LaCieDavis/CFHTcatalogues/W3m2p2_r24galphot.fits /Volumes/LaCieDavis/CFHTLenSmasks/W3m2p2_izrgu_finalmask_mosaic.fits /Users/cerusu/Dropbox/Davis_work/code /Volumes/LaCieSubaru/weightedcounts/PG1115 120 5 meds removegrouphandpicked
python /Users/cerusu/GITHUB/zMstarPDF/python/catalogue_utilities/weightinguniversal_overlap_sampling_nobetasingleband.py PG1115 /Volumes/LaCieDavis/CFHTcatalogues/W3m2p3_r24galphot.fits /Volumes/LaCieDavis/CFHTLenSmasks/W3m2p3_izrgu_finalmask_mosaic.fits /Users/cerusu/Dropbox/Davis_work/code /Volumes/LaCieSubaru/weightedcounts/PG1115 120 5 meds removegrouphandpicked
python /Users/cerusu/GITHUB/zMstarPDF/python/catalogue_utilities/weightinguniversal_overlap_sampling_nobetasingleband.py PG1115 /Volumes/LaCieDavis/CFHTcatalogues/W3m3m0_r24galphot.fits /Volumes/LaCieDavis/CFHTLenSmasks/W3m3m0_izrgu_finalmask_mosaic.fits /Users/cerusu/Dropbox/Davis_work/code /Volumes/LaCieSubaru/weightedcounts/PG1115 120 5 meds removegrouphandpicked
python /Users/cerusu/GITHUB/zMstarPDF/python/catalogue_utilities/weightinguniversal_overlap_sampling_nobetasingleband.py PG1115 /Volumes/LaCieDavis/CFHTcatalogues/W3m3m1_r24galphot.fits /Volumes/LaCieDavis/CFHTLenSmasks/W3m3m1_izrgu_finalmask_mosaic.fits /Users/cerusu/Dropbox/Davis_work/code /Volumes/LaCieSubaru/weightedcounts/PG1115 120 5 meds removegrouphandpicked
python /Users/cerusu/GITHUB/zMstarPDF/python/catalogue_utilities/weightinguniversal_overlap_sampling_nobetasingleband.py PG1115 /Volumes/LaCieDavis/CFHTcatalogues/W3m3m2_r24galphot.fits /Volumes/LaCieDavis/CFHTLenSmasks/W3m3m2_izrgu_finalmask_mosaic.fits /Users/cerusu/Dropbox/Davis_work/code /Volumes/LaCieSubaru/weightedcounts/PG1115 120 5 meds removegrouphandpicked
python /Users/cerusu/GITHUB/zMstarPDF/python/catalogue_utilities/weightinguniversal_overlap_sampling_nobetasingleband.py PG1115 /Volumes/LaCieDavis/CFHTcatalogues/W3m3m3_r24galphot.fits /Volumes/LaCieDavis/CFHTLenSmasks/W3m3m3_izrgu_finalmask_mosaic.fits /Users/cerusu/Dropbox/Davis_work/code /Volumes/LaCieSubaru/weightedcounts/PG1115 120 5 meds removegrouphandpicked
python /Users/cerusu/GITHUB/zMstarPDF/python/catalogue_utilities/weightinguniversal_overlap_sampling_nobetasingleband.py PG1115 /Volumes/LaCieDavis/CFHTcatalogues/W3m3p1_r24galphot.fits /Volumes/LaCieDavis/CFHTLenSmasks/W3m3p1_izrgu_finalmask_mosaic.fits /Users/cerusu/Dropbox/Davis_work/code /Volumes/LaCieSubaru/weightedcounts/PG1115 120 5 meds removegrouphandpicked
python /Users/cerusu/GITHUB/zMstarPDF/python/catalogue_utilities/weightinguniversal_overlap_sampling_nobetasingleband.py PG1115 /Volumes/LaCieDavis/CFHTcatalogues/W3m3p2_r24galphot.fits /Volumes/LaCieDavis/CFHTLenSmasks/W3m3p2_izrgu_finalmask_mosaic.fits /Users/cerusu/Dropbox/Davis_work/code /Volumes/LaCieSubaru/weightedcounts/PG1115 120 5 meds removegrouphandpicked
python /Users/cerusu/GITHUB/zMstarPDF/python/catalogue_utilities/weightinguniversal_overlap_sampling_nobetasingleband.py PG1115 /Volumes/LaCieDavis/CFHTcatalogues/W3m3p3_r24galphot.fits /Volumes/LaCieDavis/CFHTLenSmasks/W3m3p3_izrgu_finalmask_mosaic.fits /Users/cerusu/Dropbox/Davis_work/code /Volumes/LaCieSubaru/weightedcounts/PG1115 120 5 meds removegrouphandpicked
python /Users/cerusu/GITHUB/zMstarPDF/python/catalogue_utilities/weightinguniversal_overlap_sampling_nobetasingleband.py PG1115 /Volumes/LaCieDavis/CFHTcatalogues/W3p1m0_r24galphot.fits /Volumes/LaCieDavis/CFHTLenSmasks/W3p1m0_izrgu_finalmask_mosaic.fits /Users/cerusu/Dropbox/Davis_work/code /Volumes/LaCieSubaru/weightedcounts/PG1115 120 5 meds removegrouphandpicked
python /Users/cerusu/GITHUB/zMstarPDF/python/catalogue_utilities/weightinguniversal_overlap_sampling_nobetasingleband.py PG1115 /Volumes/LaCieDavis/CFHTcatalogues/W3p1m1_r24galphot.fits /Volumes/LaCieDavis/CFHTLenSmasks/W3p1m1_izrgu_finalmask_mosaic.fits /Users/cerusu/Dropbox/Davis_work/code /Volumes/LaCieSubaru/weightedcounts/PG1115 120 5 meds removegrouphandpicked
python /Users/cerusu/GITHUB/zMstarPDF/python/catalogue_utilities/weightinguniversal_overlap_sampling_nobetasingleband.py PG1115 /Volumes/LaCieDavis/CFHTcatalogues/W3p1m2_r24galphot.fits /Volumes/LaCieDavis/CFHTLenSmasks/W3p1m2_izrgu_finalmask_mosaic.fits /Users/cerusu/Dropbox/Davis_work/code /Volumes/LaCieSubaru/weightedcounts/PG1115 120 5 meds removegrouphandpicked
python /Users/cerusu/GITHUB/zMstarPDF/python/catalogue_utilities/weightinguniversal_overlap_sampling_nobetasingleband.py PG1115 /Volumes/LaCieDavis/CFHTcatalogues/W3p1m3_r24galphot.fits /Volumes/LaCieDavis/CFHTLenSmasks/W3p1m3_izrgu_finalmask_mosaic.fits /Users/cerusu/Dropbox/Davis_work/code /Volumes/LaCieSubaru/weightedcounts/PG1115 120 5 meds removegrouphandpicked
python /Users/cerusu/GITHUB/zMstarPDF/python/catalogue_utilities/weightinguniversal_overlap_sampling_nobetasingleband.py PG1115 /Volumes/LaCieDavis/CFHTcatalogues/W3p1p1_r24galphot.fits /Volumes/LaCieDavis/CFHTLenSmasks/W3p1p1_izrgu_finalmask_mosaic.fits /Users/cerusu/Dropbox/Davis_work/code /Volumes/LaCieSubaru/weightedcounts/PG1115 120 5 meds removegrouphandpicked
python /Users/cerusu/GITHUB/zMstarPDF/python/catalogue_utilities/weightinguniversal_overlap_sampling_nobetasingleband.py PG1115 /Volumes/LaCieDavis/CFHTcatalogues/W3p1p2_r24galphot.fits /Volumes/LaCieDavis/CFHTLenSmasks/W3p1p2_izrgu_finalmask_mosaic.fits /Users/cerusu/Dropbox/Davis_work/code /Volumes/LaCieSubaru/weightedcounts/PG1115 120 5 meds removegrouphandpicked
python /Users/cerusu/GITHUB/zMstarPDF/python/catalogue_utilities/weightinguniversal_overlap_sampling_nobetasingleband.py PG1115 /Volumes/LaCieDavis/CFHTcatalogues/W3p1p3_r24galphot.fits /Volumes/LaCieDavis/CFHTLenSmasks/W3p1p3_izrgu_finalmask_mosaic.fits /Users/cerusu/Dropbox/Davis_work/code /Volumes/LaCieSubaru/weightedcounts/PG1115 120 5 meds removegrouphandpicked
python /Users/cerusu/GITHUB/zMstarPDF/python/catalogue_utilities/weightinguniversal_overlap_sampling_nobetasingleband.py PG1115 /Volumes/LaCieDavis/CFHTcatalogues/W3p2m0_r24galphot.fits /Volumes/LaCieDavis/CFHTLenSmasks/W3p2m0_izrgu_finalmask_mosaic.fits /Users/cerusu/Dropbox/Davis_work/code /Volumes/LaCieSubaru/weightedcounts/PG1115 120 5 meds removegrouphandpicked
python /Users/cerusu/GITHUB/zMstarPDF/python/catalogue_utilities/weightinguniversal_overlap_sampling_nobetasingleband.py PG1115 /Volumes/LaCieDavis/CFHTcatalogues/W3p2m1_r24galphot.fits /Volumes/LaCieDavis/CFHTLenSmasks/W3p2m1_izrgu_finalmask_mosaic.fits /Users/cerusu/Dropbox/Davis_work/code /Volumes/LaCieSubaru/weightedcounts/PG1115 120 5 meds removegrouphandpicked
python /Users/cerusu/GITHUB/zMstarPDF/python/catalogue_utilities/weightinguniversal_overlap_sampling_nobetasingleband.py PG1115 /Volumes/LaCieDavis/CFHTcatalogues/W3p2m2_r24galphot.fits /Volumes/LaCieDavis/CFHTLenSmasks/W3p2m2_izrgu_finalmask_mosaic.fits /Users/cerusu/Dropbox/Davis_work/code /Volumes/LaCieSubaru/weightedcounts/PG1115 120 5 meds removegrouphandpicked
python /Users/cerusu/GITHUB/zMstarPDF/python/catalogue_utilities/weightinguniversal_overlap_sampling_nobetasingleband.py PG1115 /Volumes/LaCieDavis/CFHTcatalogues/W3p2m3_r24galphot.fits /Volumes/LaCieDavis/CFHTLenSmasks/W3p2m3_yzrgu_finalmask_mosaic.fits /Users/cerusu/Dropbox/Davis_work/code /Volumes/LaCieSubaru/weightedcounts/PG1115 120 5 meds removegrouphandpicked
python /Users/cerusu/GITHUB/zMstarPDF/python/catalogue_utilities/weightinguniversal_overlap_sampling_nobetasingleband.py PG1115 /Volumes/LaCieDavis/CFHTcatalogues/W3p2p1_r24galphot.fits /Volumes/LaCieDavis/CFHTLenSmasks/W3p2p1_izrgu_finalmask_mosaic.fits /Users/cerusu/Dropbox/Davis_work/code /Volumes/LaCieSubaru/weightedcounts/PG1115 120 5 meds removegrouphandpicked
python /Users/cerusu/GITHUB/zMstarPDF/python/catalogue_utilities/weightinguniversal_overlap_sampling_nobetasingleband.py PG1115 /Volumes/LaCieDavis/CFHTcatalogues/W3p2p2_r24galphot.fits /Volumes/LaCieDavis/CFHTLenSmasks/W3p2p2_izrgu_finalmask_mosaic.fits /Users/cerusu/Dropbox/Davis_work/code /Volumes/LaCieSubaru/weightedcounts/PG1115 120 5 meds removegrouphandpicked
python /Users/cerusu/GITHUB/zMstarPDF/python/catalogue_utilities/weightinguniversal_overlap_sampling_nobetasingleband.py PG1115 /Volumes/LaCieDavis/CFHTcatalogues/W3p2p3_r24galphot.fits /Volumes/LaCieDavis/CFHTLenSmasks/W3p2p3_izrgu_finalmask_mosaic.fits /Users/cerusu/Dropbox/Davis_work/code /Volumes/LaCieSubaru/weightedcounts/PG1115 120 5 meds removegrouphandpicked
python /Users/cerusu/GITHUB/zMstarPDF/python/catalogue_utilities/weightinguniversal_overlap_sampling_nobetasingleband.py PG1115 /Volumes/LaCieDavis/CFHTcatalogues/W3p3m0_r24galphot.fits /Volumes/LaCieDavis/CFHTLenSmasks/W3p3m0_izrgu_finalmask_mosaic.fits /Users/cerusu/Dropbox/Davis_work/code /Volumes/LaCieSubaru/weightedcounts/PG1115 120 5 meds removegrouphandpicked

python /Users/cerusu/GITHUB/zMstarPDF/python/catalogue_utilities/weightinguniversal_overlap_sampling_nobetasingleband.py PG1115 /Volumes/LaCieDavis/CFHTcatalogues/W3m2m1_r24galphot.fits /Volumes/LaCieDavis/CFHTLenSmasks/W3m2m1_yzrgu_finalmask_mosaic.fits /Users/cerusu/Dropbox/Davis_work/code /Volumes/LaCieSubaru/weightedcounts/PG1115 120 5 meds removegroupG1G2handpicked
python /Users/cerusu/GITHUB/zMstarPDF/python/catalogue_utilities/weightinguniversal_overlap_sampling_nobetasingleband.py PG1115 /Volumes/LaCieDavis/CFHTcatalogues/W3m2m2_r24galphot.fits /Volumes/LaCieDavis/CFHTLenSmasks/W3m2m2_izrgu_finalmask_mosaic.fits /Users/cerusu/Dropbox/Davis_work/code /Volumes/LaCieSubaru/weightedcounts/PG1115 120 5 meds removegroupG1G2handpicked
python /Users/cerusu/GITHUB/zMstarPDF/python/catalogue_utilities/weightinguniversal_overlap_sampling_nobetasingleband.py PG1115 /Volumes/LaCieDavis/CFHTcatalogues/W3m2m3_r24galphot.fits /Volumes/LaCieDavis/CFHTLenSmasks/W3m2m3_izrgu_finalmask_mosaic.fits /Users/cerusu/Dropbox/Davis_work/code /Volumes/LaCieSubaru/weightedcounts/PG1115 120 5 meds removegroupG1G2handpicked
python /Users/cerusu/GITHUB/zMstarPDF/python/catalogue_utilities/weightinguniversal_overlap_sampling_nobetasingleband.py PG1115 /Volumes/LaCieDavis/CFHTcatalogues/W3m2p1_r24galphot.fits /Volumes/LaCieDavis/CFHTLenSmasks/W3m2p1_yzrgu_finalmask_mosaic.fits /Users/cerusu/Dropbox/Davis_work/code /Volumes/LaCieSubaru/weightedcounts/PG1115 120 5 meds removegroupG1G2handpicked
python /Users/cerusu/GITHUB/zMstarPDF/python/catalogue_utilities/weightinguniversal_overlap_sampling_nobetasingleband.py PG1115 /Volumes/LaCieDavis/CFHTcatalogues/W3m2p2_r24galphot.fits /Volumes/LaCieDavis/CFHTLenSmasks/W3m2p2_izrgu_finalmask_mosaic.fits /Users/cerusu/Dropbox/Davis_work/code /Volumes/LaCieSubaru/weightedcounts/PG1115 120 5 meds removegroupG1G2handpicked
python /Users/cerusu/GITHUB/zMstarPDF/python/catalogue_utilities/weightinguniversal_overlap_sampling_nobetasingleband.py PG1115 /Volumes/LaCieDavis/CFHTcatalogues/W3m2p3_r24galphot.fits /Volumes/LaCieDavis/CFHTLenSmasks/W3m2p3_izrgu_finalmask_mosaic.fits /Users/cerusu/Dropbox/Davis_work/code /Volumes/LaCieSubaru/weightedcounts/PG1115 120 5 meds removegroupG1G2handpicked
python /Users/cerusu/GITHUB/zMstarPDF/python/catalogue_utilities/weightinguniversal_overlap_sampling_nobetasingleband.py PG1115 /Volumes/LaCieDavis/CFHTcatalogues/W3m3m0_r24galphot.fits /Volumes/LaCieDavis/CFHTLenSmasks/W3m3m0_izrgu_finalmask_mosaic.fits /Users/cerusu/Dropbox/Davis_work/code /Volumes/LaCieSubaru/weightedcounts/PG1115 120 5 meds removegroupG1G2handpicked
python /Users/cerusu/GITHUB/zMstarPDF/python/catalogue_utilities/weightinguniversal_overlap_sampling_nobetasingleband.py PG1115 /Volumes/LaCieDavis/CFHTcatalogues/W3m3m1_r24galphot.fits /Volumes/LaCieDavis/CFHTLenSmasks/W3m3m1_izrgu_finalmask_mosaic.fits /Users/cerusu/Dropbox/Davis_work/code /Volumes/LaCieSubaru/weightedcounts/PG1115 120 5 meds removegroupG1G2handpicked
python /Users/cerusu/GITHUB/zMstarPDF/python/catalogue_utilities/weightinguniversal_overlap_sampling_nobetasingleband.py PG1115 /Volumes/LaCieDavis/CFHTcatalogues/W3m3m2_r24galphot.fits /Volumes/LaCieDavis/CFHTLenSmasks/W3m3m2_izrgu_finalmask_mosaic.fits /Users/cerusu/Dropbox/Davis_work/code /Volumes/LaCieSubaru/weightedcounts/PG1115 120 5 meds removegroupG1G2handpicked
python /Users/cerusu/GITHUB/zMstarPDF/python/catalogue_utilities/weightinguniversal_overlap_sampling_nobetasingleband.py PG1115 /Volumes/LaCieDavis/CFHTcatalogues/W3m3m3_r24galphot.fits /Volumes/LaCieDavis/CFHTLenSmasks/W3m3m3_izrgu_finalmask_mosaic.fits /Users/cerusu/Dropbox/Davis_work/code /Volumes/LaCieSubaru/weightedcounts/PG1115 120 5 meds removegroupG1G2handpicked
python /Users/cerusu/GITHUB/zMstarPDF/python/catalogue_utilities/weightinguniversal_overlap_sampling_nobetasingleband.py PG1115 /Volumes/LaCieDavis/CFHTcatalogues/W3m3p1_r24galphot.fits /Volumes/LaCieDavis/CFHTLenSmasks/W3m3p1_izrgu_finalmask_mosaic.fits /Users/cerusu/Dropbox/Davis_work/code /Volumes/LaCieSubaru/weightedcounts/PG1115 120 5 meds removegroupG1G2handpicked
python /Users/cerusu/GITHUB/zMstarPDF/python/catalogue_utilities/weightinguniversal_overlap_sampling_nobetasingleband.py PG1115 /Volumes/LaCieDavis/CFHTcatalogues/W3m3p2_r24galphot.fits /Volumes/LaCieDavis/CFHTLenSmasks/W3m3p2_izrgu_finalmask_mosaic.fits /Users/cerusu/Dropbox/Davis_work/code /Volumes/LaCieSubaru/weightedcounts/PG1115 120 5 meds removegroupG1G2handpicked
python /Users/cerusu/GITHUB/zMstarPDF/python/catalogue_utilities/weightinguniversal_overlap_sampling_nobetasingleband.py PG1115 /Volumes/LaCieDavis/CFHTcatalogues/W3m3p3_r24galphot.fits /Volumes/LaCieDavis/CFHTLenSmasks/W3m3p3_izrgu_finalmask_mosaic.fits /Users/cerusu/Dropbox/Davis_work/code /Volumes/LaCieSubaru/weightedcounts/PG1115 120 5 meds removegroupG1G2handpicked
python /Users/cerusu/GITHUB/zMstarPDF/python/catalogue_utilities/weightinguniversal_overlap_sampling_nobetasingleband.py PG1115 /Volumes/LaCieDavis/CFHTcatalogues/W3p1m0_r24galphot.fits /Volumes/LaCieDavis/CFHTLenSmasks/W3p1m0_izrgu_finalmask_mosaic.fits /Users/cerusu/Dropbox/Davis_work/code /Volumes/LaCieSubaru/weightedcounts/PG1115 120 5 meds removegroupG1G2handpicked
python /Users/cerusu/GITHUB/zMstarPDF/python/catalogue_utilities/weightinguniversal_overlap_sampling_nobetasingleband.py PG1115 /Volumes/LaCieDavis/CFHTcatalogues/W3p1m1_r24galphot.fits /Volumes/LaCieDavis/CFHTLenSmasks/W3p1m1_izrgu_finalmask_mosaic.fits /Users/cerusu/Dropbox/Davis_work/code /Volumes/LaCieSubaru/weightedcounts/PG1115 120 5 meds removegroupG1G2handpicked
python /Users/cerusu/GITHUB/zMstarPDF/python/catalogue_utilities/weightinguniversal_overlap_sampling_nobetasingleband.py PG1115 /Volumes/LaCieDavis/CFHTcatalogues/W3p1m2_r24galphot.fits /Volumes/LaCieDavis/CFHTLenSmasks/W3p1m2_izrgu_finalmask_mosaic.fits /Users/cerusu/Dropbox/Davis_work/code /Volumes/LaCieSubaru/weightedcounts/PG1115 120 5 meds removegroupG1G2handpicked
python /Users/cerusu/GITHUB/zMstarPDF/python/catalogue_utilities/weightinguniversal_overlap_sampling_nobetasingleband.py PG1115 /Volumes/LaCieDavis/CFHTcatalogues/W3p1m3_r24galphot.fits /Volumes/LaCieDavis/CFHTLenSmasks/W3p1m3_izrgu_finalmask_mosaic.fits /Users/cerusu/Dropbox/Davis_work/code /Volumes/LaCieSubaru/weightedcounts/PG1115 120 5 meds removegroupG1G2handpicked
python /Users/cerusu/GITHUB/zMstarPDF/python/catalogue_utilities/weightinguniversal_overlap_sampling_nobetasingleband.py PG1115 /Volumes/LaCieDavis/CFHTcatalogues/W3p1p1_r24galphot.fits /Volumes/LaCieDavis/CFHTLenSmasks/W3p1p1_izrgu_finalmask_mosaic.fits /Users/cerusu/Dropbox/Davis_work/code /Volumes/LaCieSubaru/weightedcounts/PG1115 120 5 meds removegroupG1G2handpicked
python /Users/cerusu/GITHUB/zMstarPDF/python/catalogue_utilities/weightinguniversal_overlap_sampling_nobetasingleband.py PG1115 /Volumes/LaCieDavis/CFHTcatalogues/W3p1p2_r24galphot.fits /Volumes/LaCieDavis/CFHTLenSmasks/W3p1p2_izrgu_finalmask_mosaic.fits /Users/cerusu/Dropbox/Davis_work/code /Volumes/LaCieSubaru/weightedcounts/PG1115 120 5 meds removegroupG1G2handpicked
python /Users/cerusu/GITHUB/zMstarPDF/python/catalogue_utilities/weightinguniversal_overlap_sampling_nobetasingleband.py PG1115 /Volumes/LaCieDavis/CFHTcatalogues/W3p1p3_r24galphot.fits /Volumes/LaCieDavis/CFHTLenSmasks/W3p1p3_izrgu_finalmask_mosaic.fits /Users/cerusu/Dropbox/Davis_work/code /Volumes/LaCieSubaru/weightedcounts/PG1115 120 5 meds removegroupG1G2handpicked
python /Users/cerusu/GITHUB/zMstarPDF/python/catalogue_utilities/weightinguniversal_overlap_sampling_nobetasingleband.py PG1115 /Volumes/LaCieDavis/CFHTcatalogues/W3p2m0_r24galphot.fits /Volumes/LaCieDavis/CFHTLenSmasks/W3p2m0_izrgu_finalmask_mosaic.fits /Users/cerusu/Dropbox/Davis_work/code /Volumes/LaCieSubaru/weightedcounts/PG1115 120 5 meds removegroupG1G2handpicked
python /Users/cerusu/GITHUB/zMstarPDF/python/catalogue_utilities/weightinguniversal_overlap_sampling_nobetasingleband.py PG1115 /Volumes/LaCieDavis/CFHTcatalogues/W3p2m1_r24galphot.fits /Volumes/LaCieDavis/CFHTLenSmasks/W3p2m1_izrgu_finalmask_mosaic.fits /Users/cerusu/Dropbox/Davis_work/code /Volumes/LaCieSubaru/weightedcounts/PG1115 120 5 meds removegroupG1G2handpicked
python /Users/cerusu/GITHUB/zMstarPDF/python/catalogue_utilities/weightinguniversal_overlap_sampling_nobetasingleband.py PG1115 /Volumes/LaCieDavis/CFHTcatalogues/W3p2m2_r24galphot.fits /Volumes/LaCieDavis/CFHTLenSmasks/W3p2m2_izrgu_finalmask_mosaic.fits /Users/cerusu/Dropbox/Davis_work/code /Volumes/LaCieSubaru/weightedcounts/PG1115 120 5 meds removegroupG1G2handpicked
python /Users/cerusu/GITHUB/zMstarPDF/python/catalogue_utilities/weightinguniversal_overlap_sampling_nobetasingleband.py PG1115 /Volumes/LaCieDavis/CFHTcatalogues/W3p2m3_r24galphot.fits /Volumes/LaCieDavis/CFHTLenSmasks/W3p2m3_yzrgu_finalmask_mosaic.fits /Users/cerusu/Dropbox/Davis_work/code /Volumes/LaCieSubaru/weightedcounts/PG1115 120 5 meds removegroupG1G2handpicked
python /Users/cerusu/GITHUB/zMstarPDF/python/catalogue_utilities/weightinguniversal_overlap_sampling_nobetasingleband.py PG1115 /Volumes/LaCieDavis/CFHTcatalogues/W3p2p1_r24galphot.fits /Volumes/LaCieDavis/CFHTLenSmasks/W3p2p1_izrgu_finalmask_mosaic.fits /Users/cerusu/Dropbox/Davis_work/code /Volumes/LaCieSubaru/weightedcounts/PG1115 120 5 meds removegroupG1G2handpicked
python /Users/cerusu/GITHUB/zMstarPDF/python/catalogue_utilities/weightinguniversal_overlap_sampling_nobetasingleband.py PG1115 /Volumes/LaCieDavis/CFHTcatalogues/W3p2p2_r24galphot.fits /Volumes/LaCieDavis/CFHTLenSmasks/W3p2p2_izrgu_finalmask_mosaic.fits /Users/cerusu/Dropbox/Davis_work/code /Volumes/LaCieSubaru/weightedcounts/PG1115 120 5 meds removegroupG1G2handpicked
python /Users/cerusu/GITHUB/zMstarPDF/python/catalogue_utilities/weightinguniversal_overlap_sampling_nobetasingleband.py PG1115 /Volumes/LaCieDavis/CFHTcatalogues/W3p2p3_r24galphot.fits /Volumes/LaCieDavis/CFHTLenSmasks/W3p2p3_izrgu_finalmask_mosaic.fits /Users/cerusu/Dropbox/Davis_work/code /Volumes/LaCieSubaru/weightedcounts/PG1115 120 5 meds removegroupG1G2handpicked
python /Users/cerusu/GITHUB/zMstarPDF/python/catalogue_utilities/weightinguniversal_overlap_sampling_nobetasingleband.py PG1115 /Volumes/LaCieDavis/CFHTcatalogues/W3p3m0_r24galphot.fits /Volumes/LaCieDavis/CFHTLenSmasks/W3p3m0_izrgu_finalmask_mosaic.fits /Users/cerusu/Dropbox/Davis_work/code /Volumes/LaCieSubaru/weightedcounts/PG1115 120 5 meds removegroupG1G2handpicked

python /Users/cerusu/GITHUB/zMstarPDF/python/catalogue_utilities/weightinguniversal_overlap_sampling_nobetasingleband.py PG1115 /Volumes/LaCieDavis/CFHTcatalogues/W3m2m1_r24galphot.fits /Volumes/LaCieDavis/CFHTLenSmasks/W3m2m1_yzrgu_finalmask_mosaic.fits /Users/cerusu/Dropbox/Davis_work/code /Volumes/LaCieSubaru/weightedcounts/PG1115 120 5 meds removegroupG1handpicked
python /Users/cerusu/GITHUB/zMstarPDF/python/catalogue_utilities/weightinguniversal_overlap_sampling_nobetasingleband.py PG1115 /Volumes/LaCieDavis/CFHTcatalogues/W3m2m2_r24galphot.fits /Volumes/LaCieDavis/CFHTLenSmasks/W3m2m2_izrgu_finalmask_mosaic.fits /Users/cerusu/Dropbox/Davis_work/code /Volumes/LaCieSubaru/weightedcounts/PG1115 120 5 meds removegroupG1handpicked
python /Users/cerusu/GITHUB/zMstarPDF/python/catalogue_utilities/weightinguniversal_overlap_sampling_nobetasingleband.py PG1115 /Volumes/LaCieDavis/CFHTcatalogues/W3m2m3_r24galphot.fits /Volumes/LaCieDavis/CFHTLenSmasks/W3m2m3_izrgu_finalmask_mosaic.fits /Users/cerusu/Dropbox/Davis_work/code /Volumes/LaCieSubaru/weightedcounts/PG1115 120 5 meds removegroupG1handpicked
python /Users/cerusu/GITHUB/zMstarPDF/python/catalogue_utilities/weightinguniversal_overlap_sampling_nobetasingleband.py PG1115 /Volumes/LaCieDavis/CFHTcatalogues/W3m2p1_r24galphot.fits /Volumes/LaCieDavis/CFHTLenSmasks/W3m2p1_yzrgu_finalmask_mosaic.fits /Users/cerusu/Dropbox/Davis_work/code /Volumes/LaCieSubaru/weightedcounts/PG1115 120 5 meds removegroupG1handpicked
python /Users/cerusu/GITHUB/zMstarPDF/python/catalogue_utilities/weightinguniversal_overlap_sampling_nobetasingleband.py PG1115 /Volumes/LaCieDavis/CFHTcatalogues/W3m2p2_r24galphot.fits /Volumes/LaCieDavis/CFHTLenSmasks/W3m2p2_izrgu_finalmask_mosaic.fits /Users/cerusu/Dropbox/Davis_work/code /Volumes/LaCieSubaru/weightedcounts/PG1115 120 5 meds removegroupG1handpicked
python /Users/cerusu/GITHUB/zMstarPDF/python/catalogue_utilities/weightinguniversal_overlap_sampling_nobetasingleband.py PG1115 /Volumes/LaCieDavis/CFHTcatalogues/W3m2p3_r24galphot.fits /Volumes/LaCieDavis/CFHTLenSmasks/W3m2p3_izrgu_finalmask_mosaic.fits /Users/cerusu/Dropbox/Davis_work/code /Volumes/LaCieSubaru/weightedcounts/PG1115 120 5 meds removegroupG1handpicked
python /Users/cerusu/GITHUB/zMstarPDF/python/catalogue_utilities/weightinguniversal_overlap_sampling_nobetasingleband.py PG1115 /Volumes/LaCieDavis/CFHTcatalogues/W3m3m0_r24galphot.fits /Volumes/LaCieDavis/CFHTLenSmasks/W3m3m0_izrgu_finalmask_mosaic.fits /Users/cerusu/Dropbox/Davis_work/code /Volumes/LaCieSubaru/weightedcounts/PG1115 120 5 meds removegroupG1handpicked
python /Users/cerusu/GITHUB/zMstarPDF/python/catalogue_utilities/weightinguniversal_overlap_sampling_nobetasingleband.py PG1115 /Volumes/LaCieDavis/CFHTcatalogues/W3m3m1_r24galphot.fits /Volumes/LaCieDavis/CFHTLenSmasks/W3m3m1_izrgu_finalmask_mosaic.fits /Users/cerusu/Dropbox/Davis_work/code /Volumes/LaCieSubaru/weightedcounts/PG1115 120 5 meds removegroupG1handpicked
python /Users/cerusu/GITHUB/zMstarPDF/python/catalogue_utilities/weightinguniversal_overlap_sampling_nobetasingleband.py PG1115 /Volumes/LaCieDavis/CFHTcatalogues/W3m3m2_r24galphot.fits /Volumes/LaCieDavis/CFHTLenSmasks/W3m3m2_izrgu_finalmask_mosaic.fits /Users/cerusu/Dropbox/Davis_work/code /Volumes/LaCieSubaru/weightedcounts/PG1115 120 5 meds removegroupG1handpicked
python /Users/cerusu/GITHUB/zMstarPDF/python/catalogue_utilities/weightinguniversal_overlap_sampling_nobetasingleband.py PG1115 /Volumes/LaCieDavis/CFHTcatalogues/W3m3m3_r24galphot.fits /Volumes/LaCieDavis/CFHTLenSmasks/W3m3m3_izrgu_finalmask_mosaic.fits /Users/cerusu/Dropbox/Davis_work/code /Volumes/LaCieSubaru/weightedcounts/PG1115 120 5 meds removegroupG1handpicked
python /Users/cerusu/GITHUB/zMstarPDF/python/catalogue_utilities/weightinguniversal_overlap_sampling_nobetasingleband.py PG1115 /Volumes/LaCieDavis/CFHTcatalogues/W3m3p1_r24galphot.fits /Volumes/LaCieDavis/CFHTLenSmasks/W3m3p1_izrgu_finalmask_mosaic.fits /Users/cerusu/Dropbox/Davis_work/code /Volumes/LaCieSubaru/weightedcounts/PG1115 120 5 meds removegroupG1handpicked
python /Users/cerusu/GITHUB/zMstarPDF/python/catalogue_utilities/weightinguniversal_overlap_sampling_nobetasingleband.py PG1115 /Volumes/LaCieDavis/CFHTcatalogues/W3m3p2_r24galphot.fits /Volumes/LaCieDavis/CFHTLenSmasks/W3m3p2_izrgu_finalmask_mosaic.fits /Users/cerusu/Dropbox/Davis_work/code /Volumes/LaCieSubaru/weightedcounts/PG1115 120 5 meds removegroupG1handpicked
python /Users/cerusu/GITHUB/zMstarPDF/python/catalogue_utilities/weightinguniversal_overlap_sampling_nobetasingleband.py PG1115 /Volumes/LaCieDavis/CFHTcatalogues/W3m3p3_r24galphot.fits /Volumes/LaCieDavis/CFHTLenSmasks/W3m3p3_izrgu_finalmask_mosaic.fits /Users/cerusu/Dropbox/Davis_work/code /Volumes/LaCieSubaru/weightedcounts/PG1115 120 5 meds removegroupG1handpicked
python /Users/cerusu/GITHUB/zMstarPDF/python/catalogue_utilities/weightinguniversal_overlap_sampling_nobetasingleband.py PG1115 /Volumes/LaCieDavis/CFHTcatalogues/W3p1m0_r24galphot.fits /Volumes/LaCieDavis/CFHTLenSmasks/W3p1m0_izrgu_finalmask_mosaic.fits /Users/cerusu/Dropbox/Davis_work/code /Volumes/LaCieSubaru/weightedcounts/PG1115 120 5 meds removegroupG1handpicked
python /Users/cerusu/GITHUB/zMstarPDF/python/catalogue_utilities/weightinguniversal_overlap_sampling_nobetasingleband.py PG1115 /Volumes/LaCieDavis/CFHTcatalogues/W3p1m1_r24galphot.fits /Volumes/LaCieDavis/CFHTLenSmasks/W3p1m1_izrgu_finalmask_mosaic.fits /Users/cerusu/Dropbox/Davis_work/code /Volumes/LaCieSubaru/weightedcounts/PG1115 120 5 meds removegroupG1handpicked
python /Users/cerusu/GITHUB/zMstarPDF/python/catalogue_utilities/weightinguniversal_overlap_sampling_nobetasingleband.py PG1115 /Volumes/LaCieDavis/CFHTcatalogues/W3p1m2_r24galphot.fits /Volumes/LaCieDavis/CFHTLenSmasks/W3p1m2_izrgu_finalmask_mosaic.fits /Users/cerusu/Dropbox/Davis_work/code /Volumes/LaCieSubaru/weightedcounts/PG1115 120 5 meds removegroupG1handpicked
python /Users/cerusu/GITHUB/zMstarPDF/python/catalogue_utilities/weightinguniversal_overlap_sampling_nobetasingleband.py PG1115 /Volumes/LaCieDavis/CFHTcatalogues/W3p1m3_r24galphot.fits /Volumes/LaCieDavis/CFHTLenSmasks/W3p1m3_izrgu_finalmask_mosaic.fits /Users/cerusu/Dropbox/Davis_work/code /Volumes/LaCieSubaru/weightedcounts/PG1115 120 5 meds removegroupG1handpicked
python /Users/cerusu/GITHUB/zMstarPDF/python/catalogue_utilities/weightinguniversal_overlap_sampling_nobetasingleband.py PG1115 /Volumes/LaCieDavis/CFHTcatalogues/W3p1p1_r24galphot.fits /Volumes/LaCieDavis/CFHTLenSmasks/W3p1p1_izrgu_finalmask_mosaic.fits /Users/cerusu/Dropbox/Davis_work/code /Volumes/LaCieSubaru/weightedcounts/PG1115 120 5 meds removegroupG1handpicked
python /Users/cerusu/GITHUB/zMstarPDF/python/catalogue_utilities/weightinguniversal_overlap_sampling_nobetasingleband.py PG1115 /Volumes/LaCieDavis/CFHTcatalogues/W3p1p2_r24galphot.fits /Volumes/LaCieDavis/CFHTLenSmasks/W3p1p2_izrgu_finalmask_mosaic.fits /Users/cerusu/Dropbox/Davis_work/code /Volumes/LaCieSubaru/weightedcounts/PG1115 120 5 meds removegroupG1handpicked
python /Users/cerusu/GITHUB/zMstarPDF/python/catalogue_utilities/weightinguniversal_overlap_sampling_nobetasingleband.py PG1115 /Volumes/LaCieDavis/CFHTcatalogues/W3p1p3_r24galphot.fits /Volumes/LaCieDavis/CFHTLenSmasks/W3p1p3_izrgu_finalmask_mosaic.fits /Users/cerusu/Dropbox/Davis_work/code /Volumes/LaCieSubaru/weightedcounts/PG1115 120 5 meds removegroupG1handpicked
python /Users/cerusu/GITHUB/zMstarPDF/python/catalogue_utilities/weightinguniversal_overlap_sampling_nobetasingleband.py PG1115 /Volumes/LaCieDavis/CFHTcatalogues/W3p2m0_r24galphot.fits /Volumes/LaCieDavis/CFHTLenSmasks/W3p2m0_izrgu_finalmask_mosaic.fits /Users/cerusu/Dropbox/Davis_work/code /Volumes/LaCieSubaru/weightedcounts/PG1115 120 5 meds removegroupG1handpicked
python /Users/cerusu/GITHUB/zMstarPDF/python/catalogue_utilities/weightinguniversal_overlap_sampling_nobetasingleband.py PG1115 /Volumes/LaCieDavis/CFHTcatalogues/W3p2m1_r24galphot.fits /Volumes/LaCieDavis/CFHTLenSmasks/W3p2m1_izrgu_finalmask_mosaic.fits /Users/cerusu/Dropbox/Davis_work/code /Volumes/LaCieSubaru/weightedcounts/PG1115 120 5 meds removegroupG1handpicked
python /Users/cerusu/GITHUB/zMstarPDF/python/catalogue_utilities/weightinguniversal_overlap_sampling_nobetasingleband.py PG1115 /Volumes/LaCieDavis/CFHTcatalogues/W3p2m2_r24galphot.fits /Volumes/LaCieDavis/CFHTLenSmasks/W3p2m2_izrgu_finalmask_mosaic.fits /Users/cerusu/Dropbox/Davis_work/code /Volumes/LaCieSubaru/weightedcounts/PG1115 120 5 meds removegroupG1handpicked
python /Users/cerusu/GITHUB/zMstarPDF/python/catalogue_utilities/weightinguniversal_overlap_sampling_nobetasingleband.py PG1115 /Volumes/LaCieDavis/CFHTcatalogues/W3p2m3_r24galphot.fits /Volumes/LaCieDavis/CFHTLenSmasks/W3p2m3_yzrgu_finalmask_mosaic.fits /Users/cerusu/Dropbox/Davis_work/code /Volumes/LaCieSubaru/weightedcounts/PG1115 120 5 meds removegroupG1handpicked
python /Users/cerusu/GITHUB/zMstarPDF/python/catalogue_utilities/weightinguniversal_overlap_sampling_nobetasingleband.py PG1115 /Volumes/LaCieDavis/CFHTcatalogues/W3p2p1_r24galphot.fits /Volumes/LaCieDavis/CFHTLenSmasks/W3p2p1_izrgu_finalmask_mosaic.fits /Users/cerusu/Dropbox/Davis_work/code /Volumes/LaCieSubaru/weightedcounts/PG1115 120 5 meds removegroupG1handpicked
python /Users/cerusu/GITHUB/zMstarPDF/python/catalogue_utilities/weightinguniversal_overlap_sampling_nobetasingleband.py PG1115 /Volumes/LaCieDavis/CFHTcatalogues/W3p2p2_r24galphot.fits /Volumes/LaCieDavis/CFHTLenSmasks/W3p2p2_izrgu_finalmask_mosaic.fits /Users/cerusu/Dropbox/Davis_work/code /Volumes/LaCieSubaru/weightedcounts/PG1115 120 5 meds removegroupG1handpicked
python /Users/cerusu/GITHUB/zMstarPDF/python/catalogue_utilities/weightinguniversal_overlap_sampling_nobetasingleband.py PG1115 /Volumes/LaCieDavis/CFHTcatalogues/W3p2p3_r24galphot.fits /Volumes/LaCieDavis/CFHTLenSmasks/W3p2p3_izrgu_finalmask_mosaic.fits /Users/cerusu/Dropbox/Davis_work/code /Volumes/LaCieSubaru/weightedcounts/PG1115 120 5 meds removegroupG1handpicked
python /Users/cerusu/GITHUB/zMstarPDF/python/catalogue_utilities/weightinguniversal_overlap_sampling_nobetasingleband.py PG1115 /Volumes/LaCieDavis/CFHTcatalogues/W3p3m0_r24galphot.fits /Volumes/LaCieDavis/CFHTLenSmasks/W3p3m0_izrgu_finalmask_mosaic.fits /Users/cerusu/Dropbox/Davis_work/code /Volumes/LaCieSubaru/weightedcounts/PG1115 120 5 meds removegroupG1handpicked

