
python /Users/cerusu/GITHUB/zMstarPDF/python/catalogue_utilities/weightinguniversal_overlap_sampling_nobeta20samp23.py WFI2033 /Volumes/LaCieDavis/CFHTcatalogues/W1m3m4_24galphotmstar.fits /Volumes/LaCieDavis/CFHTLenSmasks/W1m3m4_yzrgu_finalmask_mosaic.fits /Users/cerusu/Dropbox/Davis_work/code /Volumes/LaCieSubaru/weightedcounts/WFI2033 45 5 IRAC detir meds removehandpicked -1 -1
python /Users/cerusu/GITHUB/zMstarPDF/python/catalogue_utilities/weightinguniversal_overlap_sampling_nobeta20samp23.py WFI2033 /Volumes/LaCieDavis/CFHTcatalogues/W1m3p1_24galphotmstar.fits /Volumes/LaCieDavis/CFHTLenSmasks/W1m3p1_izrgu_finalmask_mosaic.fits /Users/cerusu/Dropbox/Davis_work/code /Volumes/LaCieSubaru/weightedcounts/WFI2033 45 5 IRAC detir meds removehandpicked -1 -1
python /Users/cerusu/GITHUB/zMstarPDF/python/catalogue_utilities/weightinguniversal_overlap_sampling_nobeta20samp23.py WFI2033 /Volumes/LaCieDavis/CFHTcatalogues/W1m3p2_24galphotmstar.fits /Volumes/LaCieDavis/CFHTLenSmasks/W1m3p2_izrgu_finalmask_mosaic.fits /Users/cerusu/Dropbox/Davis_work/code /Volumes/LaCieSubaru/weightedcounts/WFI2033 45 5 IRAC detir meds removehandpicked -1 -1
python /Users/cerusu/GITHUB/zMstarPDF/python/catalogue_utilities/weightinguniversal_overlap_sampling_nobeta20samp23.py WFI2033 /Volumes/LaCieDavis/CFHTcatalogues/W1m3p3_24galphotmstar.fits /Volumes/LaCieDavis/CFHTLenSmasks/W1m3p3_izrgu_finalmask_mosaic.fits /Users/cerusu/Dropbox/Davis_work/code /Volumes/LaCieSubaru/weightedcounts/WFI2033 45 5 IRAC detir meds removehandpicked -1 -1
python /Users/cerusu/GITHUB/zMstarPDF/python/catalogue_utilities/weightinguniversal_overlap_sampling_nobeta20samp23.py WFI2033 /Volumes/LaCieDavis/CFHTcatalogues/W1m4m0_24galphotmstar.fits /Volumes/LaCieDavis/CFHTLenSmasks/W1m4m0_izrgu_finalmask_mosaic.fits /Users/cerusu/Dropbox/Davis_work/code /Volumes/LaCieSubaru/weightedcounts/WFI2033 45 5 IRAC detir meds removehandpicked -1 -1
python /Users/cerusu/GITHUB/zMstarPDF/python/catalogue_utilities/weightinguniversal_overlap_sampling_nobeta20samp23.py WFI2033 /Volumes/LaCieDavis/CFHTcatalogues/W1m4m1_24galphotmstar.fits /Volumes/LaCieDavis/CFHTLenSmasks/W1m4m1_izrgu_finalmask_mosaic.fits /Users/cerusu/Dropbox/Davis_work/code /Volumes/LaCieSubaru/weightedcounts/WFI2033 45 5 IRAC detir meds removehandpicked -1 -1
python /Users/cerusu/GITHUB/zMstarPDF/python/catalogue_utilities/weightinguniversal_overlap_sampling_nobeta20samp23.py WFI2033 /Volumes/LaCieDavis/CFHTcatalogues/W1m4m2_24galphotmstar.fits /Volumes/LaCieDavis/CFHTLenSmasks/W1m4m2_izrgu_finalmask_mosaic.fits /Users/cerusu/Dropbox/Davis_work/code /Volumes/LaCieSubaru/weightedcounts/WFI2033 45 5 IRAC detir meds removehandpicked -1 -1
python /Users/cerusu/GITHUB/zMstarPDF/python/catalogue_utilities/weightinguniversal_overlap_sampling_nobeta20samp23.py WFI2033 /Volumes/LaCieDavis/CFHTcatalogues/W1m4m3_24galphotmstar.fits /Volumes/LaCieDavis/CFHTLenSmasks/W1m4m3_izrgu_finalmask_mosaic.fits /Users/cerusu/Dropbox/Davis_work/code /Volumes/LaCieSubaru/weightedcounts/WFI2033 45 5 IRAC detir meds removehandpicked -1 -1
python /Users/cerusu/GITHUB/zMstarPDF/python/catalogue_utilities/weightinguniversal_overlap_sampling_nobeta20samp23.py WFI2033 /Volumes/LaCieDavis/CFHTcatalogues/W1m4m4_24galphotmstar.fits /Volumes/LaCieDavis/CFHTLenSmasks/W1m4m4_yzrgu_finalmask_mosaic.fits /Users/cerusu/Dropbox/Davis_work/code /Volumes/LaCieSubaru/weightedcounts/WFI2033 45 5 IRAC detir meds removehandpicked -1 -1
python /Users/cerusu/GITHUB/zMstarPDF/python/catalogue_utilities/weightinguniversal_overlap_sampling_nobeta20samp23.py WFI2033 /Volumes/LaCieDavis/CFHTcatalogues/W1m4p1_24galphotmstar.fits /Volumes/LaCieDavis/CFHTLenSmasks/W1m4p1_izrgu_finalmask_mosaic.fits /Users/cerusu/Dropbox/Davis_work/code /Volumes/LaCieSubaru/weightedcounts/WFI2033 45 5 IRAC detir meds removehandpicked -1 -1
python /Users/cerusu/GITHUB/zMstarPDF/python/catalogue_utilities/weightinguniversal_overlap_sampling_nobeta20samp23.py WFI2033 /Volumes/LaCieDavis/CFHTcatalogues/W1m4p2_24galphotmstar.fits /Volumes/LaCieDavis/CFHTLenSmasks/W1m4p2_izrgu_finalmask_mosaic.fits /Users/cerusu/Dropbox/Davis_work/code /Volumes/LaCieSubaru/weightedcounts/WFI2033 45 5 IRAC detir meds removehandpicked -1 -1
python /Users/cerusu/GITHUB/zMstarPDF/python/catalogue_utilities/weightinguniversal_overlap_sampling_nobeta20samp23.py WFI2033 /Volumes/LaCieDavis/CFHTcatalogues/W1m4p3_24galphotmstar.fits /Volumes/LaCieDavis/CFHTLenSmasks/W1m4p3_izrgu_finalmask_mosaic.fits /Users/cerusu/Dropbox/Davis_work/code /Volumes/LaCieSubaru/weightedcounts/WFI2033 45 5 IRAC detir meds removehandpicked -1 -1
python /Users/cerusu/GITHUB/zMstarPDF/python/catalogue_utilities/weightinguniversal_overlap_sampling_nobeta20samp23.py WFI2033 /Volumes/LaCieDavis/CFHTcatalogues/W1p1m0_24galphotmstar.fits /Volumes/LaCieDavis/CFHTLenSmasks/W1p1m0_izrgu_finalmask_mosaic.fits /Users/cerusu/Dropbox/Davis_work/code /Volumes/LaCieSubaru/weightedcounts/WFI2033 45 5 IRAC detir meds removehandpicked -1 -1
python /Users/cerusu/GITHUB/zMstarPDF/python/catalogue_utilities/weightinguniversal_overlap_sampling_nobeta20samp23.py WFI2033 /Volumes/LaCieDavis/CFHTcatalogues/W1p1m1_24galphotmstar.fits /Volumes/LaCieDavis/CFHTLenSmasks/W1p1m1_izrgu_finalmask_mosaic.fits /Users/cerusu/Dropbox/Davis_work/code /Volumes/LaCieSubaru/weightedcounts/WFI2033 45 5 IRAC detir meds removehandpicked -1 -1
python /Users/cerusu/GITHUB/zMstarPDF/python/catalogue_utilities/weightinguniversal_overlap_sampling_nobeta20samp23.py WFI2033 /Volumes/LaCieDavis/CFHTcatalogues/W1p1m2_24galphotmstar.fits /Volumes/LaCieDavis/CFHTLenSmasks/W1p1m2_izrgu_finalmask_mosaic.fits /Users/cerusu/Dropbox/Davis_work/code /Volumes/LaCieSubaru/weightedcounts/WFI2033 45 5 IRAC detir meds removehandpicked -1 -1
python /Users/cerusu/GITHUB/zMstarPDF/python/catalogue_utilities/weightinguniversal_overlap_sampling_nobeta20samp23.py WFI2033 /Volumes/LaCieDavis/CFHTcatalogues/W1p1m3_24galphotmstar.fits /Volumes/LaCieDavis/CFHTLenSmasks/W1p1m3_izrgu_finalmask_mosaic.fits /Users/cerusu/Dropbox/Davis_work/code /Volumes/LaCieSubaru/weightedcounts/WFI2033 45 5 IRAC detir meds removehandpicked -1 -1
python /Users/cerusu/GITHUB/zMstarPDF/python/catalogue_utilities/weightinguniversal_overlap_sampling_nobeta20samp23.py WFI2033 /Volumes/LaCieDavis/CFHTcatalogues/W1p1m4_24galphotmstar.fits /Volumes/LaCieDavis/CFHTLenSmasks/W1p1m4_yzrgu_finalmask_mosaic.fits /Users/cerusu/Dropbox/Davis_work/code /Volumes/LaCieSubaru/weightedcounts/WFI2033 45 5 IRAC detir meds removehandpicked -1 -1
python /Users/cerusu/GITHUB/zMstarPDF/python/catalogue_utilities/weightinguniversal_overlap_sampling_nobeta20samp23.py WFI2033 /Volumes/LaCieDavis/CFHTcatalogues/W1p1p1_24galphotmstar.fits /Volumes/LaCieDavis/CFHTLenSmasks/W1p1p1_yzrgu_finalmask_mosaic.fits /Users/cerusu/Dropbox/Davis_work/code /Volumes/LaCieSubaru/weightedcounts/WFI2033 45 5 IRAC detir meds removehandpicked -1 -1
python /Users/cerusu/GITHUB/zMstarPDF/python/catalogue_utilities/weightinguniversal_overlap_sampling_nobeta20samp23.py WFI2033 /Volumes/LaCieDavis/CFHTcatalogues/W1p1p2_24galphotmstar.fits /Volumes/LaCieDavis/CFHTLenSmasks/W1p1p2_izrgu_finalmask_mosaic.fits /Users/cerusu/Dropbox/Davis_work/code /Volumes/LaCieSubaru/weightedcounts/WFI2033 45 5 IRAC detir meds removehandpicked -1 -1
python /Users/cerusu/GITHUB/zMstarPDF/python/catalogue_utilities/weightinguniversal_overlap_sampling_nobeta20samp23.py WFI2033 /Volumes/LaCieDavis/CFHTcatalogues/W1p1p3_24galphotmstar.fits /Volumes/LaCieDavis/CFHTLenSmasks/W1p1p3_izrgu_finalmask_mosaic.fits /Users/cerusu/Dropbox/Davis_work/code /Volumes/LaCieSubaru/weightedcounts/WFI2033 45 5 IRAC detir meds removehandpicked -1 -1
python /Users/cerusu/GITHUB/zMstarPDF/python/catalogue_utilities/weightinguniversal_overlap_sampling_nobeta20samp23.py WFI2033 /Volumes/LaCieDavis/CFHTcatalogues/W1p2m0_24galphotmstar.fits /Volumes/LaCieDavis/CFHTLenSmasks/W1p2m0_izrgu_finalmask_mosaic.fits /Users/cerusu/Dropbox/Davis_work/code /Volumes/LaCieSubaru/weightedcounts/WFI2033 45 5 IRAC detir meds removehandpicked -1 -1
python /Users/cerusu/GITHUB/zMstarPDF/python/catalogue_utilities/weightinguniversal_overlap_sampling_nobeta20samp23.py WFI2033 /Volumes/LaCieDavis/CFHTcatalogues/W1p2m1_24galphotmstar.fits /Volumes/LaCieDavis/CFHTLenSmasks/W1p2m1_izrgu_finalmask_mosaic.fits /Users/cerusu/Dropbox/Davis_work/code /Volumes/LaCieSubaru/weightedcounts/WFI2033 45 5 IRAC detir meds removehandpicked -1 -1
python /Users/cerusu/GITHUB/zMstarPDF/python/catalogue_utilities/weightinguniversal_overlap_sampling_nobeta20samp23.py WFI2033 /Volumes/LaCieDavis/CFHTcatalogues/W1p2m2_24galphotmstar.fits /Volumes/LaCieDavis/CFHTLenSmasks/W1p2m2_izrgu_finalmask_mosaic.fits /Users/cerusu/Dropbox/Davis_work/code /Volumes/LaCieSubaru/weightedcounts/WFI2033 45 5 IRAC detir meds removehandpicked -1 -1
python /Users/cerusu/GITHUB/zMstarPDF/python/catalogue_utilities/weightinguniversal_overlap_sampling_nobeta20samp23.py WFI2033 /Volumes/LaCieDavis/CFHTcatalogues/W1p2m3_24galphotmstar.fits /Volumes/LaCieDavis/CFHTLenSmasks/W1p2m3_izrgu_finalmask_mosaic.fits /Users/cerusu/Dropbox/Davis_work/code /Volumes/LaCieSubaru/weightedcounts/WFI2033 45 5 IRAC detir meds removehandpicked -1 -1
python /Users/cerusu/GITHUB/zMstarPDF/python/catalogue_utilities/weightinguniversal_overlap_sampling_nobeta20samp23.py WFI2033 /Volumes/LaCieDavis/CFHTcatalogues/W1p2m4_24galphotmstar.fits /Volumes/LaCieDavis/CFHTLenSmasks/W1p2m4_yzrgu_finalmask_mosaic.fits /Users/cerusu/Dropbox/Davis_work/code /Volumes/LaCieSubaru/weightedcounts/WFI2033 45 5 IRAC detir meds removehandpicked -1 -1
python /Users/cerusu/GITHUB/zMstarPDF/python/catalogue_utilities/weightinguniversal_overlap_sampling_nobeta20samp23.py WFI2033 /Volumes/LaCieDavis/CFHTcatalogues/W1p2p1_24galphotmstar.fits /Volumes/LaCieDavis/CFHTLenSmasks/W1p2p1_izrgu_finalmask_mosaic.fits /Users/cerusu/Dropbox/Davis_work/code /Volumes/LaCieSubaru/weightedcounts/WFI2033 45 5 IRAC detir meds removehandpicked -1 -1
python /Users/cerusu/GITHUB/zMstarPDF/python/catalogue_utilities/weightinguniversal_overlap_sampling_nobeta20samp23.py WFI2033 /Volumes/LaCieDavis/CFHTcatalogues/W1p2p2_24galphotmstar.fits /Volumes/LaCieDavis/CFHTLenSmasks/W1p2p2_izrgu_finalmask_mosaic.fits /Users/cerusu/Dropbox/Davis_work/code /Volumes/LaCieSubaru/weightedcounts/WFI2033 45 5 IRAC detir meds removehandpicked -1 -1
python /Users/cerusu/GITHUB/zMstarPDF/python/catalogue_utilities/weightinguniversal_overlap_sampling_nobeta20samp23.py WFI2033 /Volumes/LaCieDavis/CFHTcatalogues/W1p2p3_24galphotmstar.fits /Volumes/LaCieDavis/CFHTLenSmasks/W1p2p3_izrgu_finalmask_mosaic.fits /Users/cerusu/Dropbox/Davis_work/code /Volumes/LaCieSubaru/weightedcounts/WFI2033 45 5 IRAC detir meds removehandpicked -1 -1

