/Volumes/G-RAIDStudio/CFHTlens/W2p1p1_izrgu_finalmask_mosaic.fits
/Volumes/G-RAIDStudio/CFHTlens/W2p1p2_izrgu_finalmask_mosaic.fits
/Volumes/G-RAIDStudio/CFHTlens/W2p1p3_izrgu_finalmask_mosaic.fits
/Volumes/G-RAIDStudio/CFHTlens/W2p2m0_izrgu_finalmask_mosaic.fits
/Volumes/G-RAIDStudio/CFHTlens/W2p2m1_izrgu_finalmask_mosaic.fits
/Volumes/G-RAIDStudio/CFHTlens/W2p2p1_izrgu_finalmask_mosaic.fits
/Volumes/G-RAIDStudio/CFHTlens/W2p2p2_izrgu_finalmask_mosaic.fits
/Volumes/G-RAIDStudio/CFHTlens/W2p2p3_izrgu_finalmask_mosaic.fits
/Volumes/G-RAIDStudio/CFHTlens/W2p3m0_izrgu_finalmask_mosaic.fits
/Volumes/G-RAIDStudio/CFHTlens/W2p3m1_izrgu_finalmask_mosaic.fits
/Volumes/G-RAIDStudio/CFHTlens/W2p3p1_izrgu_finalmask_mosaic.fits
/Volumes/G-RAIDStudio/CFHTlens/W2p3p2_izrgu_finalmask_mosaic.fits
/Volumes/G-RAIDStudio/CFHTlens/W2p3p3_izrgu_finalmask_mosaic.fits
/Volumes/G-RAIDStudio/CFHTlens/W3m0m0_izrgu_finalmask_mosaic.fits
/Volumes/G-RAIDStudio/CFHTlens/W3m0m1_yzrgu_finalmask_mosaic.fits
/Volumes/G-RAIDStudio/CFHTlens/W3m0m2_izrgu_finalmask_mosaic.fits
/Volumes/G-RAIDStudio/CFHTlens/W3m0m3_izrgu_finalmask_mosaic.fits
/Volumes/G-RAIDStudio/CFHTlens/W3m0p1_izrgu_finalmask_mosaic.fits
/Volumes/G-RAIDStudio/CFHTlens/W3m0p2_izrgu_finalmask_mosaic.fits
/Volumes/G-RAIDStudio/CFHTlens/W3m0p3_izrgu_finalmask_mosaic.fits
/Volumes/G-RAIDStudio/CFHTlens/W3m1m0_izrgu_finalmask_mosaic.fits
