/Volumes/G-RAIDStudio/CFHTlens/W3p1m1_izrgu_finalmask_mosaic.fits
/Volumes/G-RAIDStudio/CFHTlens/W3p1m2_izrgu_finalmask_mosaic.fits
/Volumes/G-RAIDStudio/CFHTlens/W3p1m3_izrgu_finalmask_mosaic.fits
/Volumes/G-RAIDStudio/CFHTlens/W3p1p1_izrgu_finalmask_mosaic.fits
/Volumes/G-RAIDStudio/CFHTlens/W3p1p2_izrgu_finalmask_mosaic.fits
/Volumes/G-RAIDStudio/CFHTlens/W3p1p3_izrgu_finalmask_mosaic.fits
/Volumes/G-RAIDStudio/CFHTlens/W3p2m0_izrgu_finalmask_mosaic.fits
/Volumes/G-RAIDStudio/CFHTlens/W3p2m1_izrgu_finalmask_mosaic.fits
/Volumes/G-RAIDStudio/CFHTlens/W3p2m2_izrgu_finalmask_mosaic.fits
/Volumes/G-RAIDStudio/CFHTlens/W3p2m3_yzrgu_finalmask_mosaic.fits
/Volumes/G-RAIDStudio/CFHTlens/W3p2p1_izrgu_finalmask_mosaic.fits
/Volumes/G-RAIDStudio/CFHTlens/W3p2p2_izrgu_finalmask_mosaic.fits
/Volumes/G-RAIDStudio/CFHTlens/W3p2p3_izrgu_finalmask_mosaic.fits
/Volumes/G-RAIDStudio/CFHTlens/W3p3m0_izrgu_finalmask_mosaic.fits
/Volumes/G-RAIDStudio/CFHTlens/W3p3m1_izrgu_finalmask_mosaic.fits
/Volumes/G-RAIDStudio/CFHTlens/W3p3m2_izrgu_finalmask_mosaic.fits
/Volumes/G-RAIDStudio/CFHTlens/W3p3m3_izrgu_finalmask_mosaic.fits
/Volumes/G-RAIDStudio/CFHTlens/W3p3p1_izrgu_finalmask_mosaic.fits
/Volumes/G-RAIDStudio/CFHTlens/W3p3p2_izrgu_finalmask_mosaic.fits
/Volumes/G-RAIDStudio/CFHTlens/W3p3p3_izrgu_finalmask_mosaic.fits
/Volumes/G-RAIDStudio/CFHTlens/W4m0m0_izrgu_finalmask_mosaic.fits

